Component: ARM Compiler 5.05 update 1 (build 106) Tool: armlink [4d0efa]

==============================================================================

Section Cross References

    main.o(i.desktop_task) refers to _printf_percent.o(.ARM.Collect$$_printf_percent$$00000000) for _printf_percent
    main.o(i.desktop_task) refers to _printf_d.o(.ARM.Collect$$_printf_percent$$00000009) for _printf_d
    main.o(i.desktop_task) refers to _printf_dec.o(.text) for _printf_int_dec
    main.o(i.desktop_task) refers to wave.o(i.Wave_SRD_Strat) for Wave_SRD_Strat
    main.o(i.desktop_task) refers to wave.o(i.Wave1_SRD_Strat) for Wave1_SRD_Strat
    main.o(i.desktop_task) refers to wave.o(i.Wave2_SRD_Strat) for Wave2_SRD_Strat
    main.o(i.desktop_task) refers to wave.o(i.Wave3_SRD_Strat) for Wave3_SRD_Strat
    main.o(i.desktop_task) refers to queue.o(i.xQueueGenericSend) for xQueueGenericSend
    main.o(i.desktop_task) refers to noretval__2printf.o(.text) for __2printf
    main.o(i.desktop_task) refers to wave.o(.data) for Distance_zhen
    main.o(i.desktop_task) refers to main.o(.data) for Dpart_Queue
    main.o(i.light_task) refers to lsens.o(i.Lsens_Get_Val) for Lsens_Get_Val
    main.o(i.light_task) refers to lcd.o(i.LCD_ShowxNum) for LCD_ShowxNum
    main.o(i.light_task) refers to stm32f10x_tim.o(i.TIM_SetCompare1) for TIM_SetCompare1
    main.o(i.light_task) refers to delay.o(i.delay_ms) for delay_ms
    main.o(i.main) refers to delay.o(i.delay_init) for delay_init
    main.o(i.main) refers to misc.o(i.NVIC_PriorityGroupConfig) for NVIC_PriorityGroupConfig
    main.o(i.main) refers to usart.o(i.uart_init) for uart_init
    main.o(i.main) refers to led.o(i.LED_Init) for LED_Init
    main.o(i.main) refers to beep.o(i.BEEP_Init) for BEEP_Init
    main.o(i.main) refers to key.o(i.KEY_Init) for KEY_Init
    main.o(i.main) refers to lcd.o(i.LCD_Init) for LCD_Init
    main.o(i.main) refers to timer.o(i.Tim3_Init) for Tim3_Init
    main.o(i.main) refers to wave.o(i.Wave_SRD_Init) for Wave_SRD_Init
    main.o(i.main) refers to wave.o(i.Wave1_SRD_Init) for Wave1_SRD_Init
    main.o(i.main) refers to wave.o(i.Wave2_SRD_Init) for Wave2_SRD_Init
    main.o(i.main) refers to wave.o(i.Wave3_SRD_Init) for Wave3_SRD_Init
    main.o(i.main) refers to lsens.o(i.Lsens_Init) for Lsens_Init
    main.o(i.main) refers to timer.o(i.TIM5_Cap_Init) for TIM5_Cap_Init
    main.o(i.main) refers to timer.o(i.TIM2_PWM_Init) for TIM2_PWM_Init
    main.o(i.main) refers to timer.o(i.TIM4_PWM_Init) for TIM4_PWM_Init
    main.o(i.main) refers to lcd.o(i.LCD_ShowString) for LCD_ShowString
    main.o(i.main) refers to tasks.o(i.xTaskCreate) for xTaskCreate
    main.o(i.main) refers to tasks.o(i.vTaskStartScheduler) for vTaskStartScheduler
    main.o(i.main) refers to lcd.o(.data) for POINT_COLOR
    main.o(i.main) refers to main.o(.data) for StartTask_Handler
    main.o(i.main) refers to main.o(i.start_task) for start_task
    main.o(i.output_task) refers to _printf_percent.o(.ARM.Collect$$_printf_percent$$00000000) for _printf_percent
    main.o(i.output_task) refers to _printf_f.o(.ARM.Collect$$_printf_percent$$00000003) for _printf_f
    main.o(i.output_task) refers to printf1.o(x$fpl$printf1) for _printf_fp_dec
    main.o(i.output_task) refers to queue.o(i.xQueueGenericReceive) for xQueueGenericReceive
    main.o(i.output_task) refers to stm32f10x_tim.o(i.TIM_SetCompare1) for TIM_SetCompare1
    main.o(i.output_task) refers to stm32f10x_tim.o(i.TIM_SetCompare3) for TIM_SetCompare3
    main.o(i.output_task) refers to fflt_clz.o(x$fpl$fflt) for __aeabi_i2f
    main.o(i.output_task) refers to f2d.o(x$fpl$f2d) for __aeabi_f2d
    main.o(i.output_task) refers to noretval__2printf.o(.text) for __2printf
    main.o(i.output_task) refers to ffixu.o(x$fpl$ffixu) for __aeabi_f2uiz
    main.o(i.output_task) refers to lcd.o(i.LCD_ShowxNum) for LCD_ShowxNum
    main.o(i.output_task) refers to main.o(.data) for Dpart_Queue
    main.o(i.output_task) refers to timer.o(.data) for TIM5CH1_CAPTURE_STA
    main.o(i.start_task) refers to port.o(i.vPortEnterCritical) for vPortEnterCritical
    main.o(i.start_task) refers to queue.o(i.xQueueGenericCreate) for xQueueGenericCreate
    main.o(i.start_task) refers to tasks.o(i.xTaskCreate) for xTaskCreate
    main.o(i.start_task) refers to tasks.o(i.vTaskDelete) for vTaskDelete
    main.o(i.start_task) refers to port.o(i.vPortExitCritical) for vPortExitCritical
    main.o(i.start_task) refers to main.o(.data) for Dpart_Queue
    main.o(i.start_task) refers to main.o(i.desktop_task) for desktop_task
    main.o(i.start_task) refers to main.o(i.light_task) for light_task
    main.o(i.start_task) refers to main.o(i.output_task) for output_task
    system_stm32f10x.o(i.SetSysClock) refers to system_stm32f10x.o(i.SetSysClockTo72) for SetSysClockTo72
    system_stm32f10x.o(i.SystemCoreClockUpdate) refers to system_stm32f10x.o(.data) for SystemCoreClock
[...]
    __lcnum_c_grouping                       0x0800c3f3   Data           0  lc_numeric_c.o(locale$$data)
    __lcnum_c_end                            0x0800c3f4   Data           0  lc_numeric_c.o(locale$$data)
    .data                                    0x20000000   Section       20  main.o(.data)
    .data                                    0x20000014   Section       20  system_stm32f10x.o(.data)
    .data                                    0x20000028   Section       20  stm32f10x_rcc.o(.data)
    APBAHBPrescTable                         0x20000028   Data          16  stm32f10x_rcc.o(.data)
    ADCPrescTable                            0x20000038   Data           4  stm32f10x_rcc.o(.data)
    .data                                    0x2000003c   Section        4  delay.o(.data)
    fac_us                                   0x2000003c   Data           1  delay.o(.data)
    fac_ms                                   0x2000003e   Data           2  delay.o(.data)
    .data                                    0x20000040   Section        6  usart.o(.data)
    .data                                    0x20000046   Section        4  timer.o(.data)
    .data                                    0x2000004c   Section       24  wave.o(.data)
    .data                                    0x20000064   Section        4  lcd.o(.data)
    .data                                    0x20000068   Section       60  tasks.o(.data)
    pxDelayedTaskList                        0x2000006c   Data           4  tasks.o(.data)
    pxOverflowDelayedTaskList                0x20000070   Data           4  tasks.o(.data)
    uxDeletedTasksWaitingCleanUp             0x20000074   Data           4  tasks.o(.data)
    uxCurrentNumberOfTasks                   0x20000078   Data           4  tasks.o(.data)
    xTickCount                               0x2000007c   Data           4  tasks.o(.data)
    uxTopReadyPriority                       0x20000080   Data           4  tasks.o(.data)
    xSchedulerRunning                        0x20000084   Data           4  tasks.o(.data)
    uxPendedTicks                            0x20000088   Data           4  tasks.o(.data)
    xYieldPending                            0x2000008c   Data           4  tasks.o(.data)
    xNumOfOverflows                          0x20000090   Data           4  tasks.o(.data)
    uxTaskNumber                             0x20000094   Data           4  tasks.o(.data)
    xNextTaskUnblockTime                     0x20000098   Data           4  tasks.o(.data)
    xIdleTaskHandle                          0x2000009c   Data           4  tasks.o(.data)
    uxSchedulerSuspended                     0x200000a0   Data           4  tasks.o(.data)
    .data                                    0x200000a4   Section       20  timers.o(.data)
    pxCurrentTimerList                       0x200000a4   Data           4  timers.o(.data)
    pxOverflowTimerList                      0x200000a8   Data           4  timers.o(.data)
    xTimerQueue                              0x200000ac   Data           4  timers.o(.data)
    xTimerTaskHandle                         0x200000b0   Data           4  timers.o(.data)
    xLastTime                                0x200000b4   Data           4  timers.o(.data)
    .data                                    0x200000b8   Section       24  heap_4.o(.data)
    xStart                                   0x200000b8   Data           8  heap_4.o(.data)
    pxEnd                                    0x200000c0   Data           4  heap_4.o(.data)
    xFreeBytesRemaining                      0x200000c4   Data           4  heap_4.o(.data)
    xMinimumEverFreeBytesRemaining           0x200000c8   Data           4  heap_4.o(.data)
    xBlockAllocatedBit                       0x200000cc   Data           4  heap_4.o(.data)
    .data                                    0x200000d0   Section       12  port.o(.data)
    uxCriticalNesting                        0x200000d0   Data           4  port.o(.data)
    ucMaxSysCallPriority                     0x200000d4   Data           1  port.o(.data)
    ulMaxPRIGROUPValue                       0x200000d8   Data           4  port.o(.data)
    .bss                                     0x200000dc   Section      200  usart.o(.bss)
    .bss                                     0x200001a4   Section       10  timer.o(.bss)
    .bss                                     0x200001ae   Section       14  lcd.o(.bss)
    .bss                                     0x200001bc   Section       64  queue.o(.bss)
    .bss                                     0x200001fc   Section      740  tasks.o(.bss)
    pxReadyTasksLists                        0x200001fc   Data         640  tasks.o(.bss)
    xDelayedTaskList1                        0x2000047c   Data          20  tasks.o(.bss)
    xDelayedTaskList2                        0x20000490   Data          20  tasks.o(.bss)
    xPendingReadyList                        0x200004a4   Data          20  tasks.o(.bss)
    xTasksWaitingTermination                 0x200004b8   Data          20  tasks.o(.bss)
    xSuspendedTaskList                       0x200004cc   Data          20  tasks.o(.bss)
    .bss                                     0x200004e0   Section       40  timers.o(.bss)
    xActiveTimerList1                        0x200004e0   Data          20  timers.o(.bss)
    xActiveTimerList2                        0x200004f4   Data          20  timers.o(.bss)
    .bss                                     0x20000508   Section    20480  heap_4.o(.bss)
    ucHeap                                   0x20000508   Data       20480  heap_4.o(.bss)
    .bss                                     0x20005508   Section       96  libspace.o(.bss)
    HEAP                                     0x20005568   Section      512  startup_stm32f10x_hd.o(HEAP)
    Heap_Mem                                 0x20005568   Data         512  startup_stm32f10x_hd.o(HEAP)
    STACK                                    0x20005768   Section     1024  startup_stm32f10x_hd.o(STACK)
    Stack_Mem                                0x20005768   Data        1024  startup_stm32f10x_hd.o(STACK)
    __initial_sp                             0x20005b68   Data           0  startup_stm32f10x_hd.o(STACK)

    Global Symbols

    Symbol Name                              Value     Ov Type        Size  Object(Section)

    BuildAttributes$$THM_ISAv4$P$D$K$B$S$PE$A:L22UL41UL21$X:L11$S22US41US21$IEEE1$IW$USESV6$~STKCKD$USESV7$~SHL$OTIME$ROPI$IEEEJ$EBA8$UX$STANDARDLIB$REQ8$PRES8$EABIv2 0x00000000   Number         0  anon$$obj.o ABSOLUTE
    __ARM_use_no_argv                        0x00000000   Number         0  main.o ABSOLUTE
    __ARM_exceptions_init                     - Undefined Weak Reference
    __alloca_initialize                       - Undefined Weak Reference
    __arm_preinit_                            - Undefined Weak Reference
    __cpp_initialize__aeabi_                  - Undefined Weak Reference
    __cxa_finalize                            - Undefined Weak Reference
    __sigvec_lookup                           - Undefined Weak Reference
    _atexit_init                              - Undefined Weak Reference
    _call_atexit_fns                          - Undefined Weak Reference
    _clock_init                               - Undefined Weak Reference
    _fp_trap_init                             - Undefined Weak Reference
    _fp_trap_shutdown                         - Undefined Weak Reference
    _get_lc_collate                           - Undefined Weak Reference
    _get_lc_ctype                             - Undefined Weak Reference
    _get_lc_monetary                          - Undefined Weak Reference
    _get_lc_time                              - Undefined Weak Reference
    _getenv_init                              - Undefined Weak Reference
    _handle_redirection                       - Undefined Weak Reference
    _init_alloc                               - Undefined Weak Reference
    _init_user_alloc                          - Undefined Weak Reference
    _initio                                   - Undefined Weak Reference
    _mutex_acquire                            - Undefined Weak Reference
    _mutex_release                            - Undefined Weak Reference
    _printf_mbtowc                            - Undefined Weak Reference
    _printf_post_padding                      - Undefined Weak Reference
    _printf_pre_padding                       - Undefined Weak Reference
    _printf_truncate_signed                   - Undefined Weak Reference
    _printf_truncate_unsigned                 - Undefined Weak Reference
    _rand_init                                - Undefined Weak Reference
    _signal_finish                            - Undefined Weak Reference
    _signal_init                              - Undefined Weak Reference
    _terminate_alloc                          - Undefined Weak Reference
    _terminate_user_alloc                     - Undefined Weak Reference
    _terminateio                              - Undefined Weak Reference
    __Vectors_Size                           0x00000130   Number         0  startup_stm32f10x_hd.o ABSOLUTE
    __Vectors                                0x08000000   Data           4  startup_stm32f10x_hd.o(RESET)
    __Vectors_End                            0x08000130   Data           0  startup_stm32f10x_hd.o(RESET)
    __main                                   0x08000131   Thumb Code     8  __main.o(!!!main)
    __scatterload                            0x08000139   Thumb Code     0  __scatter.o(!!!scatter)
    __scatterload_rt2                        0x08000139   Thumb Code    44  __scatter.o(!!!scatter)
    __scatterload_rt2_thumb_only             0x08000139   Thumb Code     0  __scatter.o(!!!scatter)
    __scatterload_null                       0x08000147   Thumb Code     0  __scatter.o(!!!scatter)
    __scatterload_copy                       0x0800016d   Thumb Code    26  __scatter_copy.o(!!handler_copy)
    __scatterload_zeroinit                   0x08000189   Thumb Code    28  __scatter_zi.o(!!handler_zi)
    _printf_f                                0x080001a5   Thumb Code     0  _printf_f.o(.ARM.Collect$$_printf_percent$$00000003)
    _printf_percent                          0x080001a5   Thumb Code     0  _printf_percent.o(.ARM.Collect$$_printf_percent$$00000000)
    _printf_d                                0x080001ab   Thumb Code     0  _printf_d.o(.ARM.Collect$$_printf_percent$$00000009)
    _printf_x                                0x080001b1   Thumb Code     0  _printf_x.o(.ARM.Collect$$_printf_percent$$0000000C)
    _printf_s                                0x080001b7   Thumb Code     0  _printf_s.o(.ARM.Collect$$_printf_percent$$00000014)
    _printf_percent_end                      0x080001bd   Thumb Code     0  _printf_percent_end.o(.ARM.Collect$$_printf_percent$$00000017)
    __rt_lib_init                            0x080001c1   Thumb Code     0  libinit.o(.ARM.Collect$$libinit$$00000000)
    __rt_lib_init_fp_1                       0x080001c3   Thumb Code     0  libinit2.o(.ARM.Collect$$libinit$$00000002)
    __rt_lib_init_heap_1                     0x080001c3   Thumb Code     0  libinit2.o(.ARM.Collect$$libinit$$0000000A)
    __rt_lib_init_lc_common                  0x080001c3   Thumb Code     0  libinit2.o(.ARM.Collect$$libinit$$0000000F)
    __rt_lib_init_preinit_1                  0x080001c3   Thumb Code     0  libinit2.o(.ARM.Collect$$libinit$$00000004)
    __rt_lib_init_rand_1                     0x080001c3   Thumb Code     0  libinit2.o(.ARM.Collect$$libinit$$0000000E)
    __rt_lib_init_user_alloc_1               0x080001c3   Thumb Code     0  libinit2.o(.ARM.Collect$$libinit$$0000000C)
    __rt_lib_init_lc_collate_1               0x080001c9   Thumb Code     0  libinit2.o(.ARM.Collect$$libinit$$00000011)
    __rt_lib_init_lc_ctype_1                 0x080001c9   Thumb Code     0  libinit2.o(.ARM.Collect$$libinit$$00000013)
    __rt_lib_init_lc_monetary_1              0x080001c9   Thumb Code     0  libinit2.o(.ARM.Collect$$libinit$$00000015)
    __rt_lib_init_lc_numeric_2               0x080001c9   Thumb Code     0  libinit2.o(.ARM.Collect$$libinit$$00000016)
    __rt_lib_init_alloca_1                   0x080001d3   Thumb Code     0  libinit2.o(.ARM.Collect$$libinit$$0000002E)
    __rt_lib_init_argv_1                     0x080001d3   Thumb Code     0  libinit2.o(.ARM.Collect$$libinit$$0000002C)
    __rt_lib_init_atexit_1                   0x080001d3   Thumb Code     0  libinit2.o(.ARM.Collect$$libinit$$0000001B)
    __rt_lib_init_clock_1                    0x080001d3   Thumb Code     0  libinit2.o(.ARM.Collect$$libinit$$00000021)
    __rt_lib_init_cpp_1                      0x080001d3   Thumb Code     0  libinit2.o(.ARM.Collect$$libinit$$00000032)
    __rt_lib_init_exceptions_1               0x080001d3   Thumb Code     0  libinit2.o(.ARM.Collect$$libinit$$00000030)
    __rt_lib_init_fp_trap_1                  0x080001d3   Thumb Code     0  libinit2.o(.ARM.Collect$$libinit$$0000001F)
    __rt_lib_init_getenv_1                   0x080001d3   Thumb Code     0  libinit2.o(.ARM.Collect$$libinit$$00000023)
    __rt_lib_init_lc_numeric_1               0x080001d3   Thumb Code     0  libinit2.o(.ARM.Collect$$libinit$$00000017)
    __rt_lib_init_lc_time_1                  0x080001d3   Thumb Code     0  libinit2.o(.ARM.Collect$$libinit$$00000019)
    __rt_lib_init_return                     0x080001d3   Thumb Code     0  libinit2.o(.ARM.Collect$$libinit$$00000033)
    __rt_lib_init_signal_1                   0x080001d3   Thumb Code     0  libinit2.o(.ARM.Collect$$libinit$$0000001D)
    __rt_lib_init_stdio_1                    0x080001d3   Thumb Code     0  libinit2.o(.ARM.Collect$$libinit$$00000025)
    __rt_lib_shutdown                        0x080001d5   Thumb Code     0  libshutdown.o(.ARM.Collect$$libshutdown$$00000000)
    __rt_lib_shutdown_fp_trap_1              0x080001d7   Thumb Code     0  libshutdown2.o(.ARM.Collect$$libshutdown$$00000006)
    __rt_lib_shutdown_heap_1                 0x080001d7   Thumb Code     0  libshutdown2.o(.ARM.Collect$$libshutdown$$0000000E)
    __rt_lib_shutdown_return                 0x080001d7   Thumb Code     0  libshutdown2.o(.ARM.Collect$$libshutdown$$0000000F)
    __rt_lib_shutdown_signal_1               0x080001d7   Thumb Code     0  libshutdown2.o(.ARM.Collect$$libshutdown$$00000009)
    __rt_lib_shutdown_stdio_1                0x080001d7   Thumb Code     0  libshutdown2.o(.ARM.Collect$$libshutdown$$00000003)
    __rt_lib_shutdown_user_alloc_1           0x080001d7   Thumb Code     0  libshutdown2.o(.ARM.Collect$$libshutdown$$0000000B)
    __rt_entry                               0x080001d9   Thumb Code     0  __rtentry.o(.ARM.Collect$$rtentry$$00000000)
    __rt_entry_presh_1                       0x080001d9   Thumb Code     0  __rtentry2.o(.ARM.Collect$$rtentry$$00000002)
    __rt_entry_sh                            0x080001d9   Thumb Code     0  __rtentry4.o(.ARM.Collect$$rtentry$$00000004)
    __rt_entry_li                            0x080001df   Thumb Code     0  __rtentry2.o(.ARM.Collect$$rtentry$$0000000A)
    __rt_entry_postsh_1                      0x080001df   Thumb Code     0  __rtentry2.o(.ARM.Collect$$rtentry$$00000009)
    __rt_entry_main                          0x080001e3   Thumb Code     0  __rtentry2.o(.ARM.Collect$$rtentry$$0000000D)
    __rt_entry_postli_1                      0x080001e3   Thumb Code     0  __rtentry2.o(.ARM.Collect$$rtentry$$0000000C)
    __rt_exit                                0x080001eb   Thumb Code     0  rtexit.o(.ARM.Collect$$rtexit$$00000000)
    __rt_exit_ls                             0x080001ed   Thumb Code     0  rtexit2.o(.ARM.Collect$$rtexit$$00000003)
    __rt_exit_prels_1                        0x080001ed   Thumb Code     0  rtexit2.o(.ARM.Collect$$rtexit$$00000002)
    __rt_exit_exit                           0x080001f1   Thumb Code     0  rtexit2.o(.ARM.Collect$$rtexit$$00000004)
    SVC_Handler                              0x080001f9   Thumb Code    32  port.o(.emb_text)
    __asm___6_port_c_39a90d8d__prvStartFirstTask 0x0800021d   Thumb Code    28  port.o(.emb_text)
    PendSV_Handler                           0x0800023d   Thumb Code    72  port.o(.emb_text)
    vPortGetIPSR                             0x08000289   Thumb Code     6  port.o(.emb_text)
    Reset_Handler                            0x08000291   Thumb Code     8  startup_stm32f10x_hd.o(.text)
    ADC1_2_IRQHandler                        0x080002ab   Thumb Code     0  startup_stm32f10x_hd.o(.text)
    ADC3_IRQHandler                          0x080002ab   Thumb Code     0  startup_stm32f10x_hd.o(.text)
    CAN1_RX1_IRQHandler                      0x080002ab   Thumb Code     0  startup_stm32f10x_hd.o(.text)
    CAN1_SCE_IRQHandler                      0x080002ab   Thumb Code     0  startup_stm32f10x_hd.o(.text)
    DMA1_Channel1_IRQHandler                 0x080002ab   Thumb Code     0  startup_stm32f10x_hd.o(.text)
    DMA1_Channel2_IRQHandler                 0x080002ab   Thumb Code     0  startup_stm32f10x_hd.o(.text)
    DMA1_Channel3_IRQHandler                 0x080002ab   Thumb Code     0  startup_stm32f10x_hd.o(.text)
    DMA1_Channel4_IRQHandler                 0x080002ab   Thumb Code     0  startup_stm32f10x_hd.o(.text)
    DMA1_Channel5_IRQHandler                 0x080002ab   Thumb Code     0  startup_stm32f10x_hd.o(.text)
    DMA1_Channel6_IRQHandler                 0x080002ab   Thumb Code     0  startup_stm32f10x_hd.o(.text)
    DMA1_Channel7_IRQHandler                 0x080002ab   Thumb Code     0  startup_stm32f10x_hd.o(.text)
    DMA2_Channel1_IRQHandler                 0x080002ab   Thumb Code     0  startup_stm32f10x_hd.o(.text)
    DMA2_Channel2_IRQHandler                 0x080002ab   Thumb Code     0  startup_stm32f10x_hd.o(.text)
    DMA2_Channel3_IRQHandler                 0x080002ab   Thumb Code     0  startup_stm32f10x_hd.o(.text)
    DMA2_Channel4_5_IRQHandler               0x080002ab   Thumb Code     0  startup_stm32f10x_hd.o(.text)
    EXTI0_IRQHandler                         0x080002ab   Thumb Code     0  startup_stm32f10x_hd.o(.text)
    EXTI1_IRQHandler                         0x080002ab   Thumb Code     0  startup_stm32f10x_hd.o(.text)
    EXTI2_IRQHandler                         0x080002ab   Thumb Code     0  startup_stm32f10x_hd.o(.text)
    FLASH_IRQHandler                         0x080002ab   Thumb Code     0  startup_stm32f10x_hd.o(.text)
    FSMC_IRQHandler                          0x080002ab   Thumb Code     0  startup_stm32f10x_hd.o(.text)
    I2C1_ER_IRQHandler                       0x080002ab   Thumb Code     0  startup_stm32f10x_hd.o(.text)
    I2C1_EV_IRQHandler                       0x080002ab   Thumb Code     0  startup_stm32f10x_hd.o(.text)
    I2C2_ER_IRQHandler                       0x080002ab   Thumb Code     0  startup_stm32f10x_hd.o(.text)
    I2C2_EV_IRQHandler                       0x080002ab   Thumb Code     0  startup_stm32f10x_hd.o(.text)
    PVD_IRQHandler                           0x080002ab   Thumb Code     0  startup_stm32f10x_hd.o(.text)
    RCC_IRQHandler                           0x080002ab   Thumb Code     0  startup_stm32f10x_hd.o(.text)
    RTCAlarm_IRQHandler                      0x080002ab   Thumb Code     0  startup_stm32f10x_hd.o(.text)
    RTC_IRQHandler                           0x080002ab   Thumb Code     0  startup_stm32f10x_hd.o(.text)
    SDIO_IRQHandler                          0x080002ab   Thumb Code     0  startup_stm32f10x_hd.o(.text)
    SPI1_IRQHandler                          0x080002ab   Thumb Code     0  startup_stm32f10x_hd.o(.text)
    SPI2_IRQHandler                          0x080002ab   Thumb Code     0  startup_stm32f10x_hd.o(.text)
    SPI3_IRQHandler                          0x080002ab   Thumb Code     0  startup_stm32f10x_hd.o(.text)
    TAMPER_IRQHandler                        0x080002ab   Thumb Code     0  startup_stm32f10x_hd.o(.text)
    TIM1_BRK_IRQHandler                      0x080002ab   Thumb Code     0  startup_stm32f10x_hd.o(.text)
    TIM1_CC_IRQHandler                       0x080002ab   Thumb Code     0  startup_stm32f10x_hd.o(.text)
    TIM1_TRG_COM_IRQHandler                  0x080002ab   Thumb Code     0  startup_stm32f10x_hd.o(.text)
    TIM1_UP_IRQHandler                       0x080002ab   Thumb Code     0  startup_stm32f10x_hd.o(.text)
    TIM2_IRQHandler                          0x080002ab   Thumb Code     0  startup_stm32f10x_hd.o(.text)
    TIM4_IRQHandler                          0x080002ab   Thumb Code     0  startup_stm32f10x_hd.o(.text)
    TIM6_IRQHandler                          0x080002ab   Thumb Code     0  startup_stm32f10x_hd.o(.text)
    TIM7_IRQHandler                          0x080002ab   Thumb Code     0  startup_stm32f10x_hd.o(.text)
    TIM8_BRK_IRQHandler                      0x080002ab   Thumb Code     0  startup_stm32f10x_hd.o(.text)
    TIM8_CC_IRQHandler                       0x080002ab   Thumb Code     0  startup_stm32f10x_hd.o(.text)
    TIM8_TRG_COM_IRQHandler                  0x080002ab   Thumb Code     0  startup_stm32f10x_hd.o(.text)
    TIM8_UP_IRQHandler                       0x080002ab   Thumb Code     0  startup_stm32f10x_hd.o(.text)
    UART4_IRQHandler                         0x080002ab   Thumb Code     0  startup_stm32f10x_hd.o(.text)
    UART5_IRQHandler                         0x080002ab   Thumb Code     0  startup_stm32f10x_hd.o(.text)
    USART2_IRQHandler                        0x080002ab   Thumb Code     0  startup_stm32f10x_hd.o(.text)
    USART3_IRQHandler                        0x080002ab   Thumb Code     0  startup_stm32f10x_hd.o(.text)
    USBWakeUp_IRQHandler                     0x080002ab   Thumb Code     0  startup_stm32f10x_hd.o(.text)
    USB_HP_CAN1_TX_IRQHandler                0x080002ab   Thumb Code     0  startup_stm32f10x_hd.o(.text)
    USB_LP_CAN1_RX0_IRQHandler               0x080002ab   Thumb Code     0  startup_stm32f10x_hd.o(.text)
    WWDG_IRQHandler                          0x080002ab   Thumb Code     0  startup_stm32f10x_hd.o(.text)
    __user_initial_stackheap                 0x080002ad   Thumb Code     0  startup_stm32f10x_hd.o(.text)
    __use_no_semihosting                     0x080002d1   Thumb Code     2  use_no_semi_2.o(.text)
    __2printf                                0x080002d5   Thumb Code    20  noretval__2printf.o(.text)
    __printf                                 0x080002ed   Thumb Code   104  __printf.o(.text)
    _printf_str                              0x08000355   Thumb Code    82  _printf_str.o(.text)
    _printf_int_dec                          0x080003a9   Thumb Code   104  _printf_dec.o(.text)
    _printf_int_hex                          0x08000421   Thumb Code    84  _printf_hex_int.o(.text)
    _printf_longlong_hex                     0x08000421   Thumb Code     0  _printf_hex_int.o(.text)
    __aeabi_memcpy                           0x08000479   Thumb Code     0  rt_memcpy_v6.o(.text)
    __rt_memcpy                              0x08000479   Thumb Code   138  rt_memcpy_v6.o(.text)
    _memcpy_lastbytes                        0x080004df   Thumb Code     0  rt_memcpy_v6.o(.text)
    __aeabi_memset                           0x08000503   Thumb Code    16  aeabi_memset.o(.text)
    __use_two_region_memory                  0x08000513   Thumb Code     2  heapauxi.o(.text)
    __rt_heap_escrow$2region                 0x08000515   Thumb Code     2  heapauxi.o(.text)
    __rt_heap_expand$2region                 0x08000517   Thumb Code     2  heapauxi.o(.text)
    __I$use$semihosting                      0x08000519   Thumb Code     0  use_no_semi.o(.text)
    __use_no_semihosting_swi                 0x08000519   Thumb Code     2  use_no_semi.o(.text)
    _printf_int_common                       0x0800051b   Thumb Code   178  _printf_intcommon.o(.text)
    __lib_sel_fp_printf                      0x080005cd   Thumb Code     2  _printf_fp_dec.o(.text)
    _printf_fp_dec_real                      0x0800077b   Thumb Code   620  _printf_fp_dec.o(.text)
    _printf_char_common                      0x080009f3   Thumb Code    32  _printf_char_common.o(.text)
    _printf_cs_common                        0x08000a19   Thumb Code    20  _printf_char.o(.text)
    _printf_char                             0x08000a2d   Thumb Code    16  _printf_char.o(.text)
    _printf_string                           0x08000a3d   Thumb Code     8  _printf_char.o(.text)
    _printf_char_file                        0x08000a45   Thumb Code    32  _printf_char_file.o(.text)
    __aeabi_memcpy4                          0x08000a69   Thumb Code     0  rt_memcpy_w.o(.text)
    __aeabi_memcpy8                          0x08000a69   Thumb Code     0  rt_memcpy_w.o(.text)
    __rt_memcpy_w                            0x08000a69   Thumb Code   100  rt_memcpy_w.o(.text)
    _memcpy_lastbytes_aligned                0x08000ab1   Thumb Code     0  rt_memcpy_w.o(.text)
    __aeabi_memclr                           0x08000acd   Thumb Code     0  rt_memclr.o(.text)
    __rt_memclr                              0x08000acd   Thumb Code    68  rt_memclr.o(.text)
    _memset                                  0x08000ad1   Thumb Code     0  rt_memclr.o(.text)
    __rt_locale                              0x08000b11   Thumb Code     8  rt_locale_intlibspace.o(.text)
    _ll_udiv10                               0x08000b19   Thumb Code   138  lludiv10.o(.text)
    _printf_fp_infnan                        0x08000ba5   Thumb Code   112  _printf_fp_infnan.o(.text)
    _btod_etento                             0x08000c25   Thumb Code   216  bigflt0.o(.text)
    ferror                                   0x08000d01   Thumb Code     8  ferror.o(.text)
    __aeabi_memclr4                          0x08000d09   Thumb Code     0  rt_memclr_w.o(.text)
    __aeabi_memclr8                          0x08000d09   Thumb Code     0  rt_memclr_w.o(.text)
    __rt_memclr_w                            0x08000d09   Thumb Code    78  rt_memclr_w.o(.text)
    _memset_w                                0x08000d0d   Thumb Code     0  rt_memclr_w.o(.text)
    __user_libspace                          0x08000d59   Thumb Code     8  libspace.o(.text)
    __user_perproc_libspace                  0x08000d59   Thumb Code     0  libspace.o(.text)
    __user_perthread_libspace                0x08000d59   Thumb Code     0  libspace.o(.text)
    __user_setup_stackheap                   0x08000d61   Thumb Code    74  sys_stackheap_outer.o(.text)
    exit                                     0x08000dab   Thumb Code    12  exit.o(.text)
    strcmp                                   0x08000db9   Thumb Code   128  strcmpv7m.o(.text)
    _btod_d2e                                0x08000e39   Thumb Code    62  btod.o(CL$$btod_d2e)
    _d2e_denorm_low                          0x08000e77   Thumb Code    70  btod.o(CL$$btod_d2e_denorm_low)
    _d2e_norm_op1                            0x08000ebd   Thumb Code    96  btod.o(CL$$btod_d2e_norm_op1)
    __btod_div_common                        0x08000f1d   Thumb Code   696  btod.o(CL$$btod_div_common)
    _e2e                                     0x08001255   Thumb Code   198  btod.o(CL$$btod_e2e)
    _btod_ediv                               0x0800131b   Thumb Code    40  btod.o(CL$$btod_ediv)
    _btod_emul                               0x08001343   Thumb Code    40  btod.o(CL$$btod_emul)
    __btod_mult_common                       0x0800136b   Thumb Code   580  btod.o(CL$$btod_mult_common)
    ADC_Cmd                                  0x080015af   Thumb Code    22  stm32f10x_adc.o(i.ADC_Cmd)
    ADC_DeInit                               0x080015c5   Thumb Code    78  stm32f10x_adc.o(i.ADC_DeInit)
    ADC_GetCalibrationStatus                 0x08001621   Thumb Code    20  stm32f10x_adc.o(i.ADC_GetCalibrationStatus)
    ADC_GetConversionValue                   0x08001635   Thumb Code     8  stm32f10x_adc.o(i.ADC_GetConversionValue)
    ADC_GetFlagStatus                        0x0800163d   Thumb Code    18  stm32f10x_adc.o(i.ADC_GetFlagStatus)
    ADC_GetResetCalibrationStatus            0x0800164f   Thumb Code    20  stm32f10x_adc.o(i.ADC_GetResetCalibrationStatus)
    ADC_Init                                 0x08001665   Thumb Code    70  stm32f10x_adc.o(i.ADC_Init)
    ADC_RegularChannelConfig                 0x080016b5   Thumb Code   184  stm32f10x_adc.o(i.ADC_RegularChannelConfig)
    ADC_ResetCalibration                     0x0800176d   Thumb Code    10  stm32f10x_adc.o(i.ADC_ResetCalibration)
    ADC_SoftwareStartConvCmd                 0x08001777   Thumb Code    22  stm32f10x_adc.o(i.ADC_SoftwareStartConvCmd)
    ADC_StartCalibration                     0x0800178d   Thumb Code    10  stm32f10x_adc.o(i.ADC_StartCalibration)
    Adc3_Init                                0x08001799   Thumb Code   120  adc.o(i.Adc3_Init)
    BEEP_Init                                0x08001815   Thumb Code    50  beep.o(i.BEEP_Init)
    BusFault_Handler                         0x0800184d   Thumb Code     4  stm32f10x_it.o(i.BusFault_Handler)
    DebugMon_Handler                         0x08001851   Thumb Code     2  stm32f10x_it.o(i.DebugMon_Handler)
    EXTI15_10_IRQHandler                     0x08001855   Thumb Code   248  wave.o(i.EXTI15_10_IRQHandler)
    EXTI3_IRQHandler                         0x08001979   Thumb Code   242  wave.o(i.EXTI3_IRQHandler)
    EXTI4_IRQHandler                         0x08001a99   Thumb Code   242  wave.o(i.EXTI4_IRQHandler)
    EXTI9_5_IRQHandler                       0x08001bb9   Thumb Code   242  wave.o(i.EXTI9_5_IRQHandler)
    EXTI_ClearITPendingBit                   0x08001cd9   Thumb Code     6  stm32f10x_exti.o(i.EXTI_ClearITPendingBit)
    EXTI_GetITStatus                         0x08001ce5   Thumb Code    34  stm32f10x_exti.o(i.EXTI_GetITStatus)
    EXTI_Init                                0x08001d0d   Thumb Code   142  stm32f10x_exti.o(i.EXTI_Init)
    FSMC_NORSRAMCmd                          0x08001da1   Thumb Code    46  stm32f10x_fsmc.o(i.FSMC_NORSRAMCmd)
    FSMC_NORSRAMInit                         0x08001dd5   Thumb Code   230  stm32f10x_fsmc.o(i.FSMC_NORSRAMInit)
    GPIO_EXTILineConfig                      0x08001ebd   Thumb Code    60  stm32f10x_gpio.o(i.GPIO_EXTILineConfig)
    GPIO_Init                                0x08001efd   Thumb Code   278  stm32f10x_gpio.o(i.GPIO_Init)
    GPIO_ReadInputDataBit                    0x08002013   Thumb Code    18  stm32f10x_gpio.o(i.GPIO_ReadInputDataBit)
    GPIO_ResetBits                           0x08002025   Thumb Code     4  stm32f10x_gpio.o(i.GPIO_ResetBits)
    GPIO_SetBits                             0x08002029   Thumb Code     4  stm32f10x_gpio.o(i.GPIO_SetBits)
    Get_Adc3                                 0x0800202d   Thumb Code    46  adc.o(i.Get_Adc3)
    HardFault_Handler                        0x08002061   Thumb Code     4  stm32f10x_it.o(i.HardFault_Handler)
    KEY_Init                                 0x08002065   Thumb Code    52  key.o(i.KEY_Init)
    LCD_Clear                                0x080020a1   Thumb Code   100  lcd.o(i.LCD_Clear)
    LCD_Display_Dir                          0x0800210d   Thumb Code   444  lcd.o(i.LCD_Display_Dir)
    LCD_Fast_DrawPoint                       0x080022cd   Thumb Code   370  lcd.o(i.LCD_Fast_DrawPoint)
    LCD_Init                                 0x08002449   Thumb Code 14186  lcd.o(i.LCD_Init)
    LCD_Pow                                  0x08005bbd   Thumb Code    22  lcd.o(i.LCD_Pow)
    LCD_RD_DATA                              0x08005bd5   Thumb Code    14  lcd.o(i.LCD_RD_DATA)
    LCD_ReadReg                              0x08005be9   Thumb Code    22  lcd.o(i.LCD_ReadReg)
    LCD_SSD_BackLightSet                     0x08005c01   Thumb Code    80  lcd.o(i.LCD_SSD_BackLightSet)
    LCD_Scan_Dir                             0x08005c55   Thumb Code   744  lcd.o(i.LCD_Scan_Dir)
    LCD_SetCursor                            0x08005f41   Thumb Code   418  lcd.o(i.LCD_SetCursor)
    LCD_ShowChar                             0x080060e9   Thumb Code   272  lcd.o(i.LCD_ShowChar)
    LCD_ShowString                           0x08006211   Thumb Code   102  lcd.o(i.LCD_ShowString)
    LCD_ShowxNum                             0x08006277   Thumb Code   190  lcd.o(i.LCD_ShowxNum)
    LCD_WR_DATA                              0x08006335   Thumb Code     6  lcd.o(i.LCD_WR_DATA)
    LCD_WR_REG                               0x08006341   Thumb Code     6  lcd.o(i.LCD_WR_REG)
    LCD_WriteRAM_Prepare                     0x0800634d   Thumb Code    10  lcd.o(i.LCD_WriteRAM_Prepare)
    LCD_WriteReg                             0x08006361   Thumb Code    10  lcd.o(i.LCD_WriteReg)
    LED_Init                                 0x08006371   Thumb Code    68  led.o(i.LED_Init)
    Lsens_Get_Val                            0x080063bd   Thumb Code    60  lsens.o(i.Lsens_Get_Val)
    Lsens_Init                               0x080063f9   Thumb Code    36  lsens.o(i.Lsens_Init)
    MemManage_Handler                        0x08006421   Thumb Code     4  stm32f10x_it.o(i.MemManage_Handler)
    NMI_Handler                              0x08006425   Thumb Code     2  stm32f10x_it.o(i.NMI_Handler)
    NVIC_Init                                0x08006429   Thumb Code   100  misc.o(i.NVIC_Init)
    NVIC_PriorityGroupConfig                 0x08006499   Thumb Code    10  misc.o(i.NVIC_PriorityGroupConfig)
    RCC_AHBPeriphClockCmd                    0x080064ad   Thumb Code    26  stm32f10x_rcc.o(i.RCC_AHBPeriphClockCmd)
    RCC_APB1PeriphClockCmd                   0x080064cd   Thumb Code    26  stm32f10x_rcc.o(i.RCC_APB1PeriphClockCmd)
    RCC_APB1PeriphResetCmd                   0x080064ed   Thumb Code    26  stm32f10x_rcc.o(i.RCC_APB1PeriphResetCmd)
    RCC_APB2PeriphClockCmd                   0x0800650d   Thumb Code    26  stm32f10x_rcc.o(i.RCC_APB2PeriphClockCmd)
    RCC_APB2PeriphResetCmd                   0x0800652d   Thumb Code    26  stm32f10x_rcc.o(i.RCC_APB2PeriphResetCmd)
    RCC_GetClocksFreq                        0x0800654d   Thumb Code   192  stm32f10x_rcc.o(i.RCC_GetClocksFreq)
    SysTick_CLKSourceConfig                  0x08006709   Thumb Code    40  misc.o(i.SysTick_CLKSourceConfig)
    SysTick_Handler                          0x08006731   Thumb Code    16  delay.o(i.SysTick_Handler)
    SystemInit                               0x08006741   Thumb Code    78  system_stm32f10x.o(i.SystemInit)
    TIM2_PWM_Init                            0x080069e1   Thumb Code   196  timer.o(i.TIM2_PWM_Init)
    TIM3_IRQHandler                          0x08006aa9   Thumb Code    22  timer.o(i.TIM3_IRQHandler)
    TIM4_PWM_Init                            0x08006ac5   Thumb Code   182  timer.o(i.TIM4_PWM_Init)
    TIM5_Cap_Init                            0x08006b85   Thumb Code   152  timer.o(i.TIM5_Cap_Init)
    TIM5_IRQHandler                          0x08006c29   Thumb Code   178  timer.o(i.TIM5_IRQHandler)
    TIM_ClearITPendingBit                    0x08006ce9   Thumb Code     6  stm32f10x_tim.o(i.TIM_ClearITPendingBit)
    TIM_Cmd                                  0x08006cef   Thumb Code    24  stm32f10x_tim.o(i.TIM_Cmd)
    TIM_DeInit                               0x08006d09   Thumb Code   424  stm32f10x_tim.o(i.TIM_DeInit)
    TIM_GetCapture1                          0x08006ef1   Thumb Code     6  stm32f10x_tim.o(i.TIM_GetCapture1)
    TIM_GetCounter                           0x08006ef7   Thumb Code     6  stm32f10x_tim.o(i.TIM_GetCounter)
    TIM_GetITStatus                          0x08006efd   Thumb Code    34  stm32f10x_tim.o(i.TIM_GetITStatus)
    TIM_ICInit                               0x08006f21   Thumb Code   150  stm32f10x_tim.o(i.TIM_ICInit)
    TIM_ITConfig                             0x08006fcd   Thumb Code    18  stm32f10x_tim.o(i.TIM_ITConfig)
    TIM_OC1Init                              0x08006fe1   Thumb Code   132  stm32f10x_tim.o(i.TIM_OC1Init)
    TIM_OC1PolarityConfig                    0x08007079   Thumb Code    18  stm32f10x_tim.o(i.TIM_OC1PolarityConfig)
    TIM_OC1PreloadConfig                     0x0800708b   Thumb Code    18  stm32f10x_tim.o(i.TIM_OC1PreloadConfig)
    TIM_OC2Init                              0x0800709d   Thumb Code   154  stm32f10x_tim.o(i.TIM_OC2Init)
    TIM_OC2PreloadConfig                     0x08007141   Thumb Code    26  stm32f10x_tim.o(i.TIM_OC2PreloadConfig)
    TIM_OC3Init                              0x0800715d   Thumb Code   150  stm32f10x_tim.o(i.TIM_OC3Init)
    TIM_SetCompare1                          0x080071fd   Thumb Code     4  stm32f10x_tim.o(i.TIM_SetCompare1)
    TIM_SetCompare3                          0x08007201   Thumb Code     4  stm32f10x_tim.o(i.TIM_SetCompare3)
    TIM_SetCounter                           0x08007205   Thumb Code     4  stm32f10x_tim.o(i.TIM_SetCounter)
    TIM_SetIC1Prescaler                      0x08007209   Thumb Code    18  stm32f10x_tim.o(i.TIM_SetIC1Prescaler)
    TIM_SetIC2Prescaler                      0x0800721b   Thumb Code    26  stm32f10x_tim.o(i.TIM_SetIC2Prescaler)
    TIM_SetIC3Prescaler                      0x08007235   Thumb Code    18  stm32f10x_tim.o(i.TIM_SetIC3Prescaler)
    TIM_SetIC4Prescaler                      0x08007247   Thumb Code    26  stm32f10x_tim.o(i.TIM_SetIC4Prescaler)
    TIM_TimeBaseInit                         0x08007261   Thumb Code   122  stm32f10x_tim.o(i.TIM_TimeBaseInit)
    Tim3_Init                                0x08007305   Thumb Code   102  timer.o(i.Tim3_Init)
    USART1_IRQHandler                        0x08007371   Thumb Code   122  usart.o(i.USART1_IRQHandler)
    USART_Cmd                                0x080073f9   Thumb Code    24  stm32f10x_usart.o(i.USART_Cmd)
    USART_GetITStatus                        0x08007411   Thumb Code    84  stm32f10x_usart.o(i.USART_GetITStatus)
    USART_ITConfig                           0x08007465   Thumb Code    74  stm32f10x_usart.o(i.USART_ITConfig)
    USART_Init                               0x080074b1   Thumb Code   210  stm32f10x_usart.o(i.USART_Init)
    USART_ReceiveData                        0x08007589   Thumb Code    10  stm32f10x_usart.o(i.USART_ReceiveData)
    UsageFault_Handler                       0x08007593   Thumb Code     4  stm32f10x_it.o(i.UsageFault_Handler)
    Wave1_SRD_Init                           0x08007599   Thumb Code   128  wave.o(i.Wave1_SRD_Init)
    Wave1_SRD_Strat                          0x0800761d   Thumb Code    26  wave.o(i.Wave1_SRD_Strat)
    Wave2_SRD_Init                           0x08007641   Thumb Code   128  wave.o(i.Wave2_SRD_Init)
    Wave2_SRD_Strat                          0x080076c5   Thumb Code    26  wave.o(i.Wave2_SRD_Strat)
    Wave3_SRD_Init                           0x080076e9   Thumb Code   132  wave.o(i.Wave3_SRD_Init)
    Wave3_SRD_Strat                          0x08007771   Thumb Code    26  wave.o(i.Wave3_SRD_Strat)
    Wave_SRD_Init                            0x08007795   Thumb Code   126  wave.o(i.Wave_SRD_Init)
    Wave_SRD_Strat                           0x08007819   Thumb Code    26  wave.o(i.Wave_SRD_Strat)
    __ARM_fpclassify                         0x0800783d   Thumb Code    40  fpclassify.o(i.__ARM_fpclassify)
    _sys_exit                                0x08007865   Thumb Code     4  usart.o(i._sys_exit)
    delay_init                               0x08007869   Thumb Code    74  delay.o(i.delay_init)
    delay_ms                                 0x080078c5   Thumb Code    60  delay.o(i.delay_ms)
    delay_us                                 0x08007905   Thumb Code    68  delay.o(i.delay_us)
    desktop_task                             0x0800794d   Thumb Code   158  main.o(i.desktop_task)
    fputc                                    0x08007a15   Thumb Code    24  usart.o(i.fputc)
    light_task                               0x08007a31   Thumb Code    84  main.o(i.light_task)
    main                                     0x08007a89   Thumb Code   282  main.o(i.main)
    output_task                              0x08007c31   Thumb Code   248  main.o(i.output_task)
    pvPortMalloc                             0x08008841   Thumb Code   262  heap_4.o(i.pvPortMalloc)
    pvTaskIncrementMutexHeldCount            0x08008995   Thumb Code    26  tasks.o(i.pvTaskIncrementMutexHeldCount)
    pxPortInitialiseStack                    0x080089b5   Thumb Code    30  port.o(i.pxPortInitialiseStack)
    start_task                               0x080089d9   Thumb Code    96  main.o(i.start_task)
    uart_init                                0x08008a81   Thumb Code   152  usart.o(i.uart_init)
    uxListRemove                             0x08008b21   Thumb Code    40  list.o(i.uxListRemove)
    vListInitialise                          0x08008b49   Thumb Code    26  list.o(i.vListInitialise)
    vListInitialiseItem                      0x08008b63   Thumb Code     6  list.o(i.vListInitialiseItem)
    vListInsert                              0x08008b69   Thumb Code    52  list.o(i.vListInsert)
    vListInsertEnd                           0x08008b9d   Thumb Code    24  list.o(i.vListInsertEnd)
    vPortEnterCritical                       0x08008bb5   Thumb Code    68  port.o(i.vPortEnterCritical)
    vPortExitCritical                        0x08008c3d   Thumb Code    48  port.o(i.vPortExitCritical)
    vPortFree                                0x08008cad   Thumb Code   120  heap_4.o(i.vPortFree)
    vPortSetupTimerInterrupt                 0x08008d65   Thumb Code    26  port.o(i.vPortSetupTimerInterrupt)
    vPortValidateInterruptPriority           0x08008d85   Thumb Code    86  port.o(i.vPortValidateInterruptPriority)
    vQueueAddToRegistry                      0x08008e25   Thumb Code    38  queue.o(i.vQueueAddToRegistry)
    vQueueWaitForMessageRestricted           0x08008e51   Thumb Code    74  queue.o(i.vQueueWaitForMessageRestricted)
    vTaskDelay                               0x08008e9d   Thumb Code    72  tasks.o(i.vTaskDelay)
    vTaskDelete                              0x08008f11   Thumb Code   192  tasks.o(i.vTaskDelete)
    vTaskMissedYield                         0x0800901d   Thumb Code     8  tasks.o(i.vTaskMissedYield)
    vTaskPlaceOnEventList                    0x08009029   Thumb Code    42  tasks.o(i.vTaskPlaceOnEventList)
    vTaskPlaceOnEventListRestricted          0x0800907d   Thumb Code    50  tasks.o(i.vTaskPlaceOnEventListRestricted)
    vTaskPriorityInherit                     0x080090d9   Thumb Code   164  tasks.o(i.vTaskPriorityInherit)
    vTaskSetTimeOutState                     0x08009189   Thumb Code    32  tasks.o(i.vTaskSetTimeOutState)
    vTaskStartScheduler                      0x080091d5   Thumb Code   108  tasks.o(i.vTaskStartScheduler)
    vTaskSuspendAll                          0x08009281   Thumb Code    12  tasks.o(i.vTaskSuspendAll)
    vTaskSwitchContext                       0x08009291   Thumb Code   110  tasks.o(i.vTaskSwitchContext)
    xPortStartScheduler                      0x08009339   Thumb Code   140  port.o(i.xPortStartScheduler)
    xPortSysTickHandler                      0x080093d9   Thumb Code    46  port.o(i.xPortSysTickHandler)
    xQueueGenericCreate                      0x0800940d   Thumb Code    78  queue.o(i.xQueueGenericCreate)
    xQueueGenericReceive                     0x08009481   Thumb Code   416  queue.o(i.xQueueGenericReceive)
    xQueueGenericReset                       0x08009649   Thumb Code   136  queue.o(i.xQueueGenericReset)
    xQueueGenericSend                        0x080096f9   Thumb Code   412  queue.o(i.xQueueGenericSend)
    xQueueGenericSendFromISR                 0x080098bd   Thumb Code   234  queue.o(i.xQueueGenericSendFromISR)
    xTaskCheckForTimeOut                     0x080099cd   Thumb Code   116  tasks.o(i.xTaskCheckForTimeOut)
    xTaskCreate                              0x08009a6d   Thumb Code    96  tasks.o(i.xTaskCreate)
    xTaskGetSchedulerState                   0x08009acd   Thumb Code    24  tasks.o(i.xTaskGetSchedulerState)
    xTaskGetTickCount                        0x08009aed   Thumb Code     6  tasks.o(i.xTaskGetTickCount)
    xTaskIncrementTick                       0x08009af9   Thumb Code   272  tasks.o(i.xTaskIncrementTick)
    xTaskPriorityDisinherit                  0x08009c59   Thumb Code   168  tasks.o(i.xTaskPriorityDisinherit)
    xTaskRemoveFromEventList                 0x08009d31   Thumb Code   118  tasks.o(i.xTaskRemoveFromEventList)
    xTaskResumeAll                           0x08009de5   Thumb Code   214  tasks.o(i.xTaskResumeAll)
    xTimerCreateTimerTask                    0x08009f05   Thumb Code    56  timers.o(i.xTimerCreateTimerTask)
    xTimerGenericCommand                     0x08009f79   Thumb Code   118  timers.o(i.xTimerGenericCommand)
    _get_lc_numeric                          0x0800a01d   Thumb Code    44  lc_numeric_c.o(locale$$code)
    __aeabi_d2f                              0x0800a049   Thumb Code     0  d2f.o(x$fpl$d2f)
    _d2f                                     0x0800a049   Thumb Code    98  d2f.o(x$fpl$d2f)
    __aeabi_ddiv                             0x0800a0ad   Thumb Code     0  ddiv.o(x$fpl$ddiv)
    _ddiv                                    0x0800a0ad   Thumb Code   552  ddiv.o(x$fpl$ddiv)
    __aeabi_d2uiz                            0x0800a35d   Thumb Code     0  dfixu.o(x$fpl$dfixu)
    _dfixu                                   0x0800a35d   Thumb Code    90  dfixu.o(x$fpl$dfixu)
    __aeabi_i2d                              0x0800a3b7   Thumb Code     0  dflt_clz.o(x$fpl$dflt)
    _dflt                                    0x0800a3b7   Thumb Code    46  dflt_clz.o(x$fpl$dflt)
    __aeabi_ui2d                             0x0800a3e5   Thumb Code     0  dflt_clz.o(x$fpl$dfltu)
    _dfltu                                   0x0800a3e5   Thumb Code    38  dflt_clz.o(x$fpl$dfltu)
    __aeabi_dmul                             0x0800a40d   Thumb Code     0  dmul.o(x$fpl$dmul)
    _dmul                                    0x0800a40d   Thumb Code   332  dmul.o(x$fpl$dmul)
    __fpl_dnaninf                            0x0800a561   Thumb Code   156  dnaninf.o(x$fpl$dnaninf)
    __fpl_dretinf                            0x0800a5fd   Thumb Code    12  dretinf.o(x$fpl$dretinf)
    __aeabi_f2d                              0x0800a609   Thumb Code     0  f2d.o(x$fpl$f2d)
    _f2d                                     0x0800a609   Thumb Code    86  f2d.o(x$fpl$f2d)
    __aeabi_fadd                             0x0800a661   Thumb Code     0  faddsub_clz.o(x$fpl$fadd)
    _fadd                                    0x0800a661   Thumb Code   196  faddsub_clz.o(x$fpl$fadd)
    __fpl_fcmp_Inf                           0x0800a725   Thumb Code    24  fcmpi.o(x$fpl$fcmpinf)
    __aeabi_f2uiz                            0x0800a73d   Thumb Code     0  ffixu.o(x$fpl$ffixu)
    _ffixu                                   0x0800a73d   Thumb Code    62  ffixu.o(x$fpl$ffixu)
    __aeabi_i2f                              0x0800a77d   Thumb Code     0  fflt_clz.o(x$fpl$fflt)
    _fflt                                    0x0800a77d   Thumb Code    48  fflt_clz.o(x$fpl$fflt)
    __aeabi_ui2f                             0x0800a7ad   Thumb Code     0  fflt_clz.o(x$fpl$ffltu)
    _ffltu                                   0x0800a7ad   Thumb Code    38  fflt_clz.o(x$fpl$ffltu)
    __aeabi_cfcmple                          0x0800a7d5   Thumb Code     0  fleqf.o(x$fpl$fleqf)
    _fcmple                                  0x0800a7d5   Thumb Code   104  fleqf.o(x$fpl$fleqf)
    __fpl_fcmple_InfNaN                      0x0800a827   Thumb Code     0  fleqf.o(x$fpl$fleqf)
    __aeabi_fmul                             0x0800a83d   Thumb Code     0  fmul.o(x$fpl$fmul)
    _fmul                                    0x0800a83d   Thumb Code   258  fmul.o(x$fpl$fmul)
    __fpl_fnaninf                            0x0800a93f   Thumb Code   140  fnaninf.o(x$fpl$fnaninf)
    __fpl_fretinf                            0x0800a9cb   Thumb Code    10  fretinf.o(x$fpl$fretinf)
    __aeabi_cfrcmple                         0x0800a9d5   Thumb Code     0  frleqf.o(x$fpl$frleqf)
    _frcmple                                 0x0800a9d5   Thumb Code    98  frleqf.o(x$fpl$frleqf)
    __aeabi_frsub                            0x0800aa37   Thumb Code     0  faddsub_clz.o(x$fpl$frsb)
    _frsb                                    0x0800aa37   Thumb Code    20  faddsub_clz.o(x$fpl$frsb)
    __aeabi_fsub                             0x0800aa4d   Thumb Code     0  faddsub_clz.o(x$fpl$fsub)
    _fsub                                    0x0800aa4d   Thumb Code   234  faddsub_clz.o(x$fpl$fsub)
    _printf_fp_dec                           0x0800ab37   Thumb Code     4  printf1.o(x$fpl$printf1)
    __I$use$fp                               0x0800ab3a   Number         0  usenofp.o(x$fpl$usenofp)
    asc2_1206                                0x0800ab3a   Data        1140  lcd.o(.constdata)
    asc2_1608                                0x0800afae   Data        1520  lcd.o(.constdata)
    asc2_2412                                0x0800b59e   Data        3420  lcd.o(.constdata)
    Region$$Table$$Base                      0x0800c3b8   Number         0  anon$$obj.o(Region$$Table)
    Region$$Table$$Limit                     0x0800c3d8   Number         0  anon$$obj.o(Region$$Table)
    StartTask_Handler                        0x20000000   Data           4  main.o(.data)
    desktop_Handler                          0x20000004   Data           4  main.o(.data)
    light_Handler                            0x20000008   Data           4  main.o(.data)
    output_Handler                           0x2000000c   Data           4  main.o(.data)
    Dpart_Queue                              0x20000010   Data           4  main.o(.data)
    SystemCoreClock                          0x20000014   Data           4  system_stm32f10x.o(.data)
    AHBPrescTable                            0x20000018   Data          16  system_stm32f10x.o(.data)
    __stdout                                 0x20000040   Data           4  usart.o(.data)
    USART_RX_STA                             0x20000044   Data           2  usart.o(.data)
    TIM5CH1_CAPTURE_STA                      0x20000046   Data           1  timer.o(.data)
    TIM5CH1_CAPTURE_VAL                      0x20000048   Data           2  timer.o(.data)
    Distance_zhen                            0x2000004c   Data           2  wave.o(.data)
    Distance_zhen1                           0x2000004e   Data           2  wave.o(.data)
    Distance_zhen2                           0x20000050   Data           2  wave.o(.data)
    Distance_zhen3                           0x20000052   Data           2  wave.o(.data)
    Distance                                 0x20000054   Data           4  wave.o(.data)
    Distance1                                0x20000058   Data           4  wave.o(.data)
    Distance2                                0x2000005c   Data           4  wave.o(.data)
    Distance3                                0x20000060   Data           4  wave.o(.data)
    POINT_COLOR                              0x20000064   Data           2  lcd.o(.data)
    BACK_COLOR                               0x20000066   Data           2  lcd.o(.data)
    pxCurrentTCB                             0x20000068   Data           4  tasks.o(.data)
    USART_RX_BUF                             0x200000dc   Data         200  usart.o(.bss)
    TIM5_ICInitStructure                     0x200001a4   Data          10  timer.o(.bss)
    lcddev                                   0x200001ae   Data          14  lcd.o(.bss)
    xQueueRegistry                           0x200001bc   Data          64  queue.o(.bss)
    __libspace_start                         0x20005508   Data          96  libspace.o(.bss)
    __temporary_stack_top$libspace           0x20005568   Data           0  libspace.o(.bss)



==============================================================================

Memory Map of the image

  Image Entry point : 0x08000131

  Load Region LR_IROM1 (Base: 0x08000000, Size: 0x0000c4d0, Max: 0x00080000, ABSOLUTE)

    Execution Region ER_IROM1 (Base: 0x08000000, Size: 0x0000c3f4, Max: 0x00080000, ABSOLUTE)

    Base Addr    Size         Type   Attr      Idx    E Section Name        Object

    0x08000000   0x00000130   Data   RO          332    RESET               startup_stm32f10x_hd.o
    0x08000130   0x00000008   Code   RO         4972  * !!!main             c_w.l(__main.o)
    0x08000138   0x00000034   Code   RO         5259    !!!scatter          c_w.l(__scatter.o)
    0x0800016c   0x0000001a   Code   RO         5261    !!handler_copy      c_w.l(__scatter_copy.o)
    0x08000186   0x00000002   PAD
    0x08000188   0x0000001c   Code   RO         5263    !!handler_zi        c_w.l(__scatter_zi.o)
    0x080001a4   0x00000000   Code   RO         4961    .ARM.Collect$$_printf_percent$$00000000  c_w.l(_printf_percent.o)
    0x080001a4   0x00000006   Code   RO         4960    .ARM.Collect$$_printf_percent$$00000003  c_w.l(_printf_f.o)
    0x080001aa   0x00000006   Code   RO         4958    .ARM.Collect$$_printf_percent$$00000009  c_w.l(_printf_d.o)
    0x080001b0   0x00000006   Code   RO         4957    .ARM.Collect$$_printf_percent$$0000000C  c_w.l(_printf_x.o)
    0x080001b6   0x00000006   Code   RO         4956    .ARM.Collect$$_printf_percent$$00000014  c_w.l(_printf_s.o)
    0x080001bc   0x00000004   Code   RO         5041    .ARM.Collect$$_printf_percent$$00000017  c_w.l(_printf_percent_end.o)
    0x080001c0   0x00000002   Code   RO         5137    .ARM.Collect$$libinit$$00000000  c_w.l(libinit.o)
    0x080001c2   0x00000000   Code   RO         5139    .ARM.Collect$$libinit$$00000002  c_w.l(libinit2.o)
    0x080001c2   0x00000000   Code   RO         5141    .ARM.Collect$$libinit$$00000004  c_w.l(libinit2.o)
    0x080001c2   0x00000000   Code   RO         5144    .ARM.Collect$$libinit$$0000000A  c_w.l(libinit2.o)
    0x080001c2   0x00000000   Code   RO         5146    .ARM.Collect$$libinit$$0000000C  c_w.l(libinit2.o)
    0x080001c2   0x00000000   Code   RO         5148    .ARM.Collect$$libinit$$0000000E  c_w.l(libinit2.o)
    0x080001c2   0x00000006   Code   RO         5149    .ARM.Collect$$libinit$$0000000F  c_w.l(libinit2.o)
    0x080001c8   0x00000000   Code   RO         5151    .ARM.Collect$$libinit$$00000011  c_w.l(libinit2.o)
    0x080001c8   0x00000000   Code   RO         5153    .ARM.Collect$$libinit$$00000013  c_w.l(libinit2.o)
    0x080001c8   0x00000000   Code   RO         5155    .ARM.Collect$$libinit$$00000015  c_w.l(libinit2.o)
    0x080001c8   0x0000000a   Code   RO         5156    .ARM.Collect$$libinit$$00000016  c_w.l(libinit2.o)
    0x080001d2   0x00000000   Code   RO         5157    .ARM.Collect$$libinit$$00000017  c_w.l(libinit2.o)
    0x080001d2   0x00000000   Code   RO         5159    .ARM.Collect$$libinit$$00000019  c_w.l(libinit2.o)
    0x080001d2   0x00000000   Code   RO         5161    .ARM.Collect$$libinit$$0000001B  c_w.l(libinit2.o)
    0x080001d2   0x00000000   Code   RO         5163    .ARM.Collect$$libinit$$0000001D  c_w.l(libinit2.o)
    0x080001d2   0x00000000   Code   RO         5165    .ARM.Collect$$libinit$$0000001F  c_w.l(libinit2.o)
    0x080001d2   0x00000000   Code   RO         5167    .ARM.Collect$$libinit$$00000021  c_w.l(libinit2.o)
    0x080001d2   0x00000000   Code   RO         5169    .ARM.Collect$$libinit$$00000023  c_w.l(libinit2.o)
    0x080001d2   0x00000000   Code   RO         5171    .ARM.Collect$$libinit$$00000025  c_w.l(libinit2.o)
    0x080001d2   0x00000000   Code   RO         5175    .ARM.Collect$$libinit$$0000002C  c_w.l(libinit2.o)
    0x080001d2   0x00000000   Code   RO         5177    .ARM.Collect$$libinit$$0000002E  c_w.l(libinit2.o)
    0x080001d2   0x00000000   Code   RO         5179    .ARM.Collect$$libinit$$00000030  c_w.l(libinit2.o)
    0x080001d2   0x00000000   Code   RO         5181    .ARM.Collect$$libinit$$00000032  c_w.l(libinit2.o)
    0x080001d2   0x00000002   Code   RO         5182    .ARM.Collect$$libinit$$00000033  c_w.l(libinit2.o)
    0x080001d4   0x00000002   Code   RO         5210    .ARM.Collect$$libshutdown$$00000000  c_w.l(libshutdown.o)
    0x080001d6   0x00000000   Code   RO         5220    .ARM.Collect$$libshutdown$$00000003  c_w.l(libshutdown2.o)
    0x080001d6   0x00000000   Code   RO         5223    .ARM.Collect$$libshutdown$$00000006  c_w.l(libshutdown2.o)
    0x080001d6   0x00000000   Code   RO         5226    .ARM.Collect$$libshutdown$$00000009  c_w.l(libshutdown2.o)
    0x080001d6   0x00000000   Code   RO         5228    .ARM.Collect$$libshutdown$$0000000B  c_w.l(libshutdown2.o)
    0x080001d6   0x00000000   Code   RO         5231    .ARM.Collect$$libshutdown$$0000000E  c_w.l(libshutdown2.o)
    0x080001d6   0x00000002   Code   RO         5232    .ARM.Collect$$libshutdown$$0000000F  c_w.l(libshutdown2.o)
    0x080001d8   0x00000000   Code   RO         5028    .ARM.Collect$$rtentry$$00000000  c_w.l(__rtentry.o)
    0x080001d8   0x00000000   Code   RO         5058    .ARM.Collect$$rtentry$$00000002  c_w.l(__rtentry2.o)
    0x080001d8   0x00000006   Code   RO         5070    .ARM.Collect$$rtentry$$00000004  c_w.l(__rtentry4.o)
    0x080001de   0x00000000   Code   RO         5060    .ARM.Collect$$rtentry$$00000009  c_w.l(__rtentry2.o)
    0x080001de   0x00000004   Code   RO         5061    .ARM.Collect$$rtentry$$0000000A  c_w.l(__rtentry2.o)
    0x080001e2   0x00000000   Code   RO         5063    .ARM.Collect$$rtentry$$0000000C  c_w.l(__rtentry2.o)
    0x080001e2   0x00000008   Code   RO         5064    .ARM.Collect$$rtentry$$0000000D  c_w.l(__rtentry2.o)
    0x080001ea   0x00000002   Code   RO         5183    .ARM.Collect$$rtexit$$00000000  c_w.l(rtexit.o)
    0x080001ec   0x00000000   Code   RO         5190    .ARM.Collect$$rtexit$$00000002  c_w.l(rtexit2.o)
    0x080001ec   0x00000004   Code   RO         5191    .ARM.Collect$$rtexit$$00000003  c_w.l(rtexit2.o)
    0x080001f0   0x00000006   Code   RO         5192    .ARM.Collect$$rtexit$$00000004  c_w.l(rtexit2.o)
    0x080001f6   0x00000002   PAD
    0x080001f8   0x00000096   Code   RO         4819    .emb_text           port.o
    0x0800028e   0x00000002   PAD
    0x08000290   0x00000040   Code   RO          333    .text               startup_stm32f10x_hd.o
    0x080002d0   0x00000002   Code   RO         4898    .text               c_w.l(use_no_semi_2.o)
    0x080002d2   0x00000002   PAD
    0x080002d4   0x00000018   Code   RO         4904    .text               c_w.l(noretval__2printf.o)
    0x080002ec   0x00000068   Code   RO         4908    .text               c_w.l(__printf.o)
    0x08000354   0x00000052   Code   RO         4910    .text               c_w.l(_printf_str.o)
    0x080003a6   0x00000002   PAD
    0x080003a8   0x00000078   Code   RO         4912    .text               c_w.l(_printf_dec.o)
    0x08000420   0x00000058   Code   RO         4917    .text               c_w.l(_printf_hex_int.o)
    0x08000478   0x0000008a   Code   RO         4966    .text               c_w.l(rt_memcpy_v6.o)
    0x08000502   0x00000010   Code   RO         4968    .text               c_w.l(aeabi_memset.o)
    0x08000512   0x00000006   Code   RO         4970    .text               c_w.l(heapauxi.o)
    0x08000518   0x00000002   Code   RO         5026    .text               c_w.l(use_no_semi.o)
    0x0800051a   0x000000b2   Code   RO         5029    .text               c_w.l(_printf_intcommon.o)
    0x080005cc   0x0000041a   Code   RO         5031    .text               c_w.l(_printf_fp_dec.o)
    0x080009e6   0x00000002   PAD
    0x080009e8   0x00000030   Code   RO         5033    .text               c_w.l(_printf_char_common.o)
    0x08000a18   0x0000002c   Code   RO         5037    .text               c_w.l(_printf_char.o)
    0x08000a44   0x00000024   Code   RO         5039    .text               c_w.l(_printf_char_file.o)
    0x08000a68   0x00000064   Code   RO         5042    .text               c_w.l(rt_memcpy_w.o)
    0x08000acc   0x00000044   Code   RO         5044    .text               c_w.l(rt_memclr.o)
    0x08000b10   0x00000008   Code   RO         5075    .text               c_w.l(rt_locale_intlibspace.o)
    0x08000b18   0x0000008a   Code   RO         5077    .text               c_w.l(lludiv10.o)
    0x08000ba2   0x00000002   PAD
    0x08000ba4   0x00000080   Code   RO         5079    .text               c_w.l(_printf_fp_infnan.o)
    0x08000c24   0x000000dc   Code   RO         5083    .text               c_w.l(bigflt0.o)
    0x08000d00   0x00000008   Code   RO         5108    .text               c_w.l(ferror.o)
    0x08000d08   0x0000004e   Code   RO         5115    .text               c_w.l(rt_memclr_w.o)
    0x08000d56   0x00000002   PAD
    0x08000d58   0x00000008   Code   RO         5123    .text               c_w.l(libspace.o)
    0x08000d60   0x0000004a   Code   RO         5126    .text               c_w.l(sys_stackheap_outer.o)
    0x08000daa   0x0000000c   Code   RO         5128    .text               c_w.l(exit.o)
    0x08000db6   0x00000002   PAD
    0x08000db8   0x00000080   Code   RO         5130    .text               c_w.l(strcmpv7m.o)
    0x08000e38   0x0000003e   Code   RO         5086    CL$$btod_d2e        c_w.l(btod.o)
    0x08000e76   0x00000046   Code   RO         5088    CL$$btod_d2e_denorm_low  c_w.l(btod.o)
    0x08000ebc   0x00000060   Code   RO         5087    CL$$btod_d2e_norm_op1  c_w.l(btod.o)
    0x08000f1c   0x00000338   Code   RO         5096    CL$$btod_div_common  c_w.l(btod.o)
    0x08001254   0x000000c6   Code   RO         5093    CL$$btod_e2e        c_w.l(btod.o)
    0x0800131a   0x00000028   Code   RO         5090    CL$$btod_ediv       c_w.l(btod.o)
    0x08001342   0x00000028   Code   RO         5089    CL$$btod_emul       c_w.l(btod.o)
    0x0800136a   0x00000244   Code   RO         5095    CL$$btod_mult_common  c_w.l(btod.o)
    0x080015ae   0x00000016   Code   RO          379    i.ADC_Cmd           stm32f10x_adc.o
    0x080015c4   0x0000005c   Code   RO          381    i.ADC_DeInit        stm32f10x_adc.o
    0x08001620   0x00000014   Code   RO          387    i.ADC_GetCalibrationStatus  stm32f10x_adc.o
    0x08001634   0x00000008   Code   RO          388    i.ADC_GetConversionValue  stm32f10x_adc.o
    0x0800163c   0x00000012   Code   RO          390    i.ADC_GetFlagStatus  stm32f10x_adc.o
    0x0800164e   0x00000014   Code   RO          393    i.ADC_GetResetCalibrationStatus  stm32f10x_adc.o
    0x08001662   0x00000002   PAD
    0x08001664   0x00000050   Code   RO          397    i.ADC_Init          stm32f10x_adc.o
    0x080016b4   0x000000b8   Code   RO          401    i.ADC_RegularChannelConfig  stm32f10x_adc.o
    0x0800176c   0x0000000a   Code   RO          402    i.ADC_ResetCalibration  stm32f10x_adc.o
    0x08001776   0x00000016   Code   RO          404    i.ADC_SoftwareStartConvCmd  stm32f10x_adc.o
    0x0800178c   0x0000000a   Code   RO          406    i.ADC_StartCalibration  stm32f10x_adc.o
    0x08001796   0x00000002   PAD
    0x08001798   0x0000007c   Code   RO         3846    i.Adc3_Init         adc.o
    0x08001814   0x00000038   Code   RO         3427    i.BEEP_Init         beep.o
    0x0800184c   0x00000004   Code   RO          214    i.BusFault_Handler  stm32f10x_it.o
    0x08001850   0x00000002   Code   RO          215    i.DebugMon_Handler  stm32f10x_it.o
    0x08001852   0x00000002   PAD
    0x08001854   0x00000124   Code   RO         3516    i.EXTI15_10_IRQHandler  wave.o
    0x08001978   0x00000120   Code   RO         3517    i.EXTI3_IRQHandler  wave.o
    0x08001a98   0x00000120   Code   RO         3518    i.EXTI4_IRQHandler  wave.o
    0x08001bb8   0x00000120   Code   RO         3519    i.EXTI9_5_IRQHandler  wave.o
    0x08001cd8   0x0000000c   Code   RO         1135    i.EXTI_ClearITPendingBit  stm32f10x_exti.o
    0x08001ce4   0x00000028   Code   RO         1139    i.EXTI_GetITStatus  stm32f10x_exti.o
    0x08001d0c   0x00000094   Code   RO         1140    i.EXTI_Init         stm32f10x_exti.o
    0x08001da0   0x00000034   Code   RO         1373    i.FSMC_NORSRAMCmd   stm32f10x_fsmc.o
    0x08001dd4   0x000000e6   Code   RO         1375    i.FSMC_NORSRAMInit  stm32f10x_fsmc.o
    0x08001eba   0x00000002   PAD
    0x08001ebc   0x00000040   Code   RO         1485    i.GPIO_EXTILineConfig  stm32f10x_gpio.o
    0x08001efc   0x00000116   Code   RO         1488    i.GPIO_Init         stm32f10x_gpio.o
    0x08002012   0x00000012   Code   RO         1492    i.GPIO_ReadInputDataBit  stm32f10x_gpio.o
    0x08002024   0x00000004   Code   RO         1495    i.GPIO_ResetBits    stm32f10x_gpio.o
    0x08002028   0x00000004   Code   RO         1496    i.GPIO_SetBits      stm32f10x_gpio.o
    0x0800202c   0x00000034   Code   RO         3847    i.Get_Adc3          adc.o
    0x08002060   0x00000004   Code   RO          216    i.HardFault_Handler  stm32f10x_it.o
    0x08002064   0x0000003c   Code   RO         3439    i.KEY_Init          key.o
    0x080020a0   0x0000006c   Code   RO         3601    i.LCD_Clear         lcd.o
    0x0800210c   0x000001c0   Code   RO         3605    i.LCD_Display_Dir   lcd.o
    0x080022cc   0x0000017c   Code   RO         3610    i.LCD_Fast_DrawPoint  lcd.o
    0x08002448   0x00003774   Code   RO         3612    i.LCD_Init          lcd.o
    0x08005bbc   0x00000016   Code   RO         3613    i.LCD_Pow           lcd.o
    0x08005bd2   0x00000002   PAD
    0x08005bd4   0x00000014   Code   RO         3614    i.LCD_RD_DATA       lcd.o
    0x08005be8   0x00000016   Code   RO         3616    i.LCD_ReadReg       lcd.o
    0x08005bfe   0x00000002   PAD
    0x08005c00   0x00000054   Code   RO         3617    i.LCD_SSD_BackLightSet  lcd.o
    0x08005c54   0x000002ec   Code   RO         3618    i.LCD_Scan_Dir      lcd.o
    0x08005f40   0x000001a8   Code   RO         3619    i.LCD_SetCursor     lcd.o
    0x080060e8   0x00000128   Code   RO         3621    i.LCD_ShowChar      lcd.o
    0x08006210   0x00000066   Code   RO         3623    i.LCD_ShowString    lcd.o
    0x08006276   0x000000be   Code   RO         3624    i.LCD_ShowxNum      lcd.o
    0x08006334   0x0000000c   Code   RO         3625    i.LCD_WR_DATA       lcd.o
    0x08006340   0x0000000c   Code   RO         3626    i.LCD_WR_REG        lcd.o
    0x0800634c   0x00000014   Code   RO         3628    i.LCD_WriteRAM_Prepare  lcd.o
    0x08006360   0x00000010   Code   RO         3629    i.LCD_WriteReg      lcd.o
    0x08006370   0x0000004c   Code   RO         3458    i.LED_Init          led.o
    0x080063bc   0x0000003c   Code   RO         3828    i.Lsens_Get_Val     lsens.o
    0x080063f8   0x00000028   Code   RO         3829    i.Lsens_Init        lsens.o
    0x08006420   0x00000004   Code   RO          217    i.MemManage_Handler  stm32f10x_it.o
    0x08006424   0x00000002   Code   RO          218    i.NMI_Handler       stm32f10x_it.o
    0x08006426   0x00000002   PAD
    0x08006428   0x00000070   Code   RO          337    i.NVIC_Init         misc.o
    0x08006498   0x00000014   Code   RO          338    i.NVIC_PriorityGroupConfig  misc.o
    0x080064ac   0x00000020   Code   RO         1903    i.RCC_AHBPeriphClockCmd  stm32f10x_rcc.o
    0x080064cc   0x00000020   Code   RO         1904    i.RCC_APB1PeriphClockCmd  stm32f10x_rcc.o
    0x080064ec   0x00000020   Code   RO         1905    i.RCC_APB1PeriphResetCmd  stm32f10x_rcc.o
    0x0800650c   0x00000020   Code   RO         1906    i.RCC_APB2PeriphClockCmd  stm32f10x_rcc.o
    0x0800652c   0x00000020   Code   RO         1907    i.RCC_APB2PeriphResetCmd  stm32f10x_rcc.o
    0x0800654c   0x000000d4   Code   RO         1914    i.RCC_GetClocksFreq  stm32f10x_rcc.o
    0x08006620   0x00000008   Code   RO          285    i.SetSysClock       system_stm32f10x.o
    0x08006628   0x000000e0   Code   RO          286    i.SetSysClockTo72   system_stm32f10x.o
    0x08006708   0x00000028   Code   RO          341    i.SysTick_CLKSourceConfig  misc.o
    0x08006730   0x00000010   Code   RO         3304    i.SysTick_Handler   delay.o
    0x08006740   0x00000060   Code   RO          288    i.SystemInit        system_stm32f10x.o
    0x080067a0   0x00000080   Code   RO         2522    i.TI1_Config        stm32f10x_tim.o
    0x08006820   0x00000098   Code   RO         2523    i.TI2_Config        stm32f10x_tim.o
    0x080068b8   0x00000090   Code   RO         2524    i.TI3_Config        stm32f10x_tim.o
    0x08006948   0x00000098   Code   RO         2525    i.TI4_Config        stm32f10x_tim.o
    0x080069e0   0x000000c8   Code   RO         3470    i.TIM2_PWM_Init     timer.o
    0x08006aa8   0x0000001c   Code   RO         3471    i.TIM3_IRQHandler   timer.o
    0x08006ac4   0x000000c0   Code   RO         3472    i.TIM4_PWM_Init     timer.o
    0x08006b84   0x000000a4   Code   RO         3473    i.TIM5_Cap_Init     timer.o
    0x08006c28   0x000000c0   Code   RO         3474    i.TIM5_IRQHandler   timer.o
    0x08006ce8   0x00000006   Code   RO         2533    i.TIM_ClearITPendingBit  stm32f10x_tim.o
    0x08006cee   0x00000018   Code   RO         2538    i.TIM_Cmd           stm32f10x_tim.o
    0x08006d06   0x00000002   PAD
    0x08006d08   0x000001e8   Code   RO         2543    i.TIM_DeInit        stm32f10x_tim.o
    0x08006ef0   0x00000006   Code   RO         2553    i.TIM_GetCapture1   stm32f10x_tim.o
    0x08006ef6   0x00000006   Code   RO         2557    i.TIM_GetCounter    stm32f10x_tim.o
    0x08006efc   0x00000022   Code   RO         2559    i.TIM_GetITStatus   stm32f10x_tim.o
    0x08006f1e   0x00000002   PAD
    0x08006f20   0x000000ac   Code   RO         2561    i.TIM_ICInit        stm32f10x_tim.o
    0x08006fcc   0x00000012   Code   RO         2563    i.TIM_ITConfig      stm32f10x_tim.o
    0x08006fde   0x00000002   PAD
    0x08006fe0   0x00000098   Code   RO         2567    i.TIM_OC1Init       stm32f10x_tim.o
    0x08007078   0x00000012   Code   RO         2569    i.TIM_OC1PolarityConfig  stm32f10x_tim.o
    0x0800708a   0x00000012   Code   RO         2570    i.TIM_OC1PreloadConfig  stm32f10x_tim.o
    0x0800709c   0x000000a4   Code   RO         2572    i.TIM_OC2Init       stm32f10x_tim.o
    0x08007140   0x0000001a   Code   RO         2575    i.TIM_OC2PreloadConfig  stm32f10x_tim.o
    0x0800715a   0x00000002   PAD
    0x0800715c   0x000000a0   Code   RO         2577    i.TIM_OC3Init       stm32f10x_tim.o
    0x080071fc   0x00000004   Code   RO         2599    i.TIM_SetCompare1   stm32f10x_tim.o
    0x08007200   0x00000004   Code   RO         2601    i.TIM_SetCompare3   stm32f10x_tim.o
    0x08007204   0x00000004   Code   RO         2603    i.TIM_SetCounter    stm32f10x_tim.o
    0x08007208   0x00000012   Code   RO         2604    i.TIM_SetIC1Prescaler  stm32f10x_tim.o
    0x0800721a   0x0000001a   Code   RO         2605    i.TIM_SetIC2Prescaler  stm32f10x_tim.o
    0x08007234   0x00000012   Code   RO         2606    i.TIM_SetIC3Prescaler  stm32f10x_tim.o
    0x08007246   0x0000001a   Code   RO         2607    i.TIM_SetIC4Prescaler  stm32f10x_tim.o
    0x08007260   0x000000a4   Code   RO         2609    i.TIM_TimeBaseInit  stm32f10x_tim.o
    0x08007304   0x0000006c   Code   RO         3475    i.Tim3_Init         timer.o
    0x08007370   0x00000088   Code   RO         3380    i.USART1_IRQHandler  usart.o
    0x080073f8   0x00000018   Code   RO         3074    i.USART_Cmd         stm32f10x_usart.o
    0x08007410   0x00000054   Code   RO         3078    i.USART_GetITStatus  stm32f10x_usart.o
    0x08007464   0x0000004a   Code   RO         3080    i.USART_ITConfig    stm32f10x_usart.o
    0x080074ae   0x00000002   PAD
    0x080074b0   0x000000d8   Code   RO         3081    i.USART_Init        stm32f10x_usart.o
    0x08007588   0x0000000a   Code   RO         3088    i.USART_ReceiveData  stm32f10x_usart.o
    0x08007592   0x00000004   Code   RO          219    i.UsageFault_Handler  stm32f10x_it.o
    0x08007596   0x00000002   PAD
    0x08007598   0x00000084   Code   RO         3520    i.Wave1_SRD_Init    wave.o
    0x0800761c   0x00000024   Code   RO         3521    i.Wave1_SRD_Strat   wave.o
    0x08007640   0x00000084   Code   RO         3522    i.Wave2_SRD_Init    wave.o
    0x080076c4   0x00000024   Code   RO         3523    i.Wave2_SRD_Strat   wave.o
    0x080076e8   0x00000088   Code   RO         3524    i.Wave3_SRD_Init    wave.o
    0x08007770   0x00000024   Code   RO         3525    i.Wave3_SRD_Strat   wave.o
    0x08007794   0x00000084   Code   RO         3526    i.Wave_SRD_Init     wave.o
    0x08007818   0x00000024   Code   RO         3527    i.Wave_SRD_Strat    wave.o
    0x0800783c   0x00000028   Code   RO         5121    i.__ARM_fpclassify  m_ws.l(fpclassify.o)
    0x08007864   0x00000004   Code   RO         3381    i._sys_exit         usart.o
    0x08007868   0x0000005c   Code   RO         3305    i.delay_init        delay.o
    0x080078c4   0x00000040   Code   RO         3306    i.delay_ms          delay.o
    0x08007904   0x00000048   Code   RO         3307    i.delay_us          delay.o
    0x0800794c   0x000000c8   Code   RO            1    i.desktop_task      main.o
    0x08007a14   0x0000001c   Code   RO         3382    i.fputc             usart.o
    0x08007a30   0x00000058   Code   RO            2    i.light_task        main.o
    0x08007a88   0x000001a8   Code   RO            3    i.main              main.o
    0x08007c30   0x0000011c   Code   RO            4    i.output_task       main.o
    0x08007d4c   0x00000098   Code   RO         4280    i.prvAddCurrentTaskToDelayedList  tasks.o
    0x08007de4   0x000000b8   Code   RO         4281    i.prvAddNewTaskToReadyList  tasks.o
    0x08007e9c   0x00000064   Code   RO         4640    i.prvCheckForValidListAndQueue  timers.o
    0x08007f00   0x00000064   Code   RO         4282    i.prvCheckTasksWaitingTermination  tasks.o
    0x08007f64   0x0000002a   Code   RO         4047    i.prvCopyDataFromQueue  queue.o
    0x08007f8e   0x0000007c   Code   RO         4048    i.prvCopyDataToQueue  queue.o
    0x0800800a   0x00000012   Code   RO         4283    i.prvDeleteTCB      tasks.o
    0x0800801c   0x00000028   Code   RO         4641    i.prvGetNextExpireTime  timers.o
    0x08008044   0x0000007c   Code   RO         4770    i.prvHeapInit       heap_4.o
    0x080080c0   0x00000028   Code   RO         4284    i.prvIdleTask       tasks.o
    0x080080e8   0x0000002e   Code   RO         4050    i.prvInitialiseNewQueue  queue.o
    0x08008116   0x00000002   PAD
    0x08008118   0x000000d0   Code   RO         4285    i.prvInitialiseNewTask  tasks.o
    0x080081e8   0x00000068   Code   RO         4286    i.prvInitialiseTaskLists  tasks.o
    0x08008250   0x00000068   Code   RO         4771    i.prvInsertBlockIntoFreeList  heap_4.o
    0x080082b8   0x00000058   Code   RO         4643    i.prvInsertTimerInActiveList  timers.o
    0x08008310   0x0000001a   Code   RO         4051    i.prvIsQueueEmpty   queue.o
    0x0800832a   0x0000001e   Code   RO         4052    i.prvIsQueueFull    queue.o
    0x08008348   0x000000a0   Code   RO         4053    i.prvNotifyQueueSetContainer  queue.o
    0x080083e8   0x00000080   Code   RO         4644    i.prvProcessExpiredTimer  timers.o
    0x08008468   0x0000012c   Code   RO         4645    i.prvProcessReceivedCommands  timers.o
    0x08008594   0x00000074   Code   RO         4646    i.prvProcessTimerOrBlockTask  timers.o
    0x08008608   0x00000034   Code   RO         4288    i.prvResetNextTaskUnblockTime  tasks.o
    0x0800863c   0x0000002c   Code   RO         4647    i.prvSampleTimeNow  timers.o
    0x08008668   0x000000bc   Code   RO         4648    i.prvSwitchTimerLists  timers.o
    0x08008724   0x00000070   Code   RO         4820    i.prvTaskExitError  port.o
    0x08008794   0x0000001a   Code   RO         4649    i.prvTimerTask      timers.o
    0x080087ae   0x00000092   Code   RO         4054    i.prvUnlockQueue    queue.o
    0x08008840   0x00000154   Code   RO         4772    i.pvPortMalloc      heap_4.o
    0x08008994   0x00000020   Code   RO         4292    i.pvTaskIncrementMutexHeldCount  tasks.o
    0x080089b4   0x00000024   Code   RO         4821    i.pxPortInitialiseStack  port.o
    0x080089d8   0x000000a8   Code   RO            5    i.start_task        main.o
    0x08008a80   0x000000a0   Code   RO         3383    i.uart_init         usart.o
    0x08008b20   0x00000028   Code   RO         4010    i.uxListRemove      list.o
    0x08008b48   0x0000001a   Code   RO         4011    i.vListInitialise   list.o
    0x08008b62   0x00000006   Code   RO         4012    i.vListInitialiseItem  list.o
    0x08008b68   0x00000034   Code   RO         4013    i.vListInsert       list.o
    0x08008b9c   0x00000018   Code   RO         4014    i.vListInsertEnd    list.o
    0x08008bb4   0x00000088   Code   RO         4823    i.vPortEnterCritical  port.o
    0x08008c3c   0x00000070   Code   RO         4824    i.vPortExitCritical  port.o
    0x08008cac   0x000000b8   Code   RO         4773    i.vPortFree         heap_4.o
    0x08008d64   0x00000020   Code   RO         4825    i.vPortSetupTimerInterrupt  port.o
    0x08008d84   0x000000a0   Code   RO         4826    i.vPortValidateInterruptPriority  port.o
    0x08008e24   0x0000002c   Code   RO         4060    i.vQueueAddToRegistry  queue.o
    0x08008e50   0x0000004a   Code   RO         4064    i.vQueueWaitForMessageRestricted  queue.o
    0x08008e9a   0x00000002   PAD
    0x08008e9c   0x00000074   Code   RO         4300    i.vTaskDelay        tasks.o
    0x08008f10   0x0000010c   Code   RO         4302    i.vTaskDelete       tasks.o
    0x0800901c   0x0000000c   Code   RO         4306    i.vTaskMissedYield  tasks.o
    0x08009028   0x00000054   Code   RO         4308    i.vTaskPlaceOnEventList  tasks.o
    0x0800907c   0x0000005c   Code   RO         4309    i.vTaskPlaceOnEventListRestricted  tasks.o
    0x080090d8   0x000000b0   Code   RO         4311    i.vTaskPriorityInherit  tasks.o
    0x08009188   0x0000004c   Code   RO         4315    i.vTaskSetTimeOutState  tasks.o
    0x080091d4   0x000000ac   Code   RO         4316    i.vTaskStartScheduler  tasks.o
    0x08009280   0x00000010   Code   RO         4318    i.vTaskSuspendAll   tasks.o
    0x08009290   0x000000a8   Code   RO         4319    i.vTaskSwitchContext  tasks.o
    0x08009338   0x000000a0   Code   RO         4827    i.xPortStartScheduler  port.o
    0x080093d8   0x00000034   Code   RO         4828    i.xPortSysTickHandler  port.o
    0x0800940c   0x00000074   Code   RO         4069    i.xQueueGenericCreate  queue.o
    0x08009480   0x000001c8   Code   RO         4070    i.xQueueGenericReceive  queue.o
    0x08009648   0x000000b0   Code   RO         4071    i.xQueueGenericReset  queue.o
    0x080096f8   0x000001c4   Code   RO         4072    i.xQueueGenericSend  queue.o
    0x080098bc   0x00000110   Code   RO         4073    i.xQueueGenericSendFromISR  queue.o
    0x080099cc   0x000000a0   Code   RO         4320    i.xTaskCheckForTimeOut  tasks.o
    0x08009a6c   0x00000060   Code   RO         4321    i.xTaskCreate       tasks.o
    0x08009acc   0x00000020   Code   RO         4325    i.xTaskGetSchedulerState  tasks.o
    0x08009aec   0x0000000c   Code   RO         4326    i.xTaskGetTickCount  tasks.o
    0x08009af8   0x00000160   Code   RO         4328    i.xTaskIncrementTick  tasks.o
    0x08009c58   0x000000d8   Code   RO         4331    i.xTaskPriorityDisinherit  tasks.o
    0x08009d30   0x000000b4   Code   RO         4332    i.xTaskRemoveFromEventList  tasks.o
    0x08009de4   0x00000120   Code   RO         4334    i.xTaskResumeAll    tasks.o
    0x08009f04   0x00000074   Code   RO         4653    i.xTimerCreateTimerTask  timers.o
    0x08009f78   0x000000a4   Code   RO         4654    i.xTimerGenericCommand  timers.o
    0x0800a01c   0x0000002c   Code   RO         5113    locale$$code        c_w.l(lc_numeric_c.o)
    0x0800a048   0x00000062   Code   RO         4974    x$fpl$d2f           fz_ws.l(d2f.o)
    0x0800a0aa   0x00000002   PAD
    0x0800a0ac   0x000002b0   Code   RO         4983    x$fpl$ddiv          fz_ws.l(ddiv.o)
    0x0800a35c   0x0000005a   Code   RO         4990    x$fpl$dfixu         fz_ws.l(dfixu.o)
    0x0800a3b6   0x0000002e   Code   RO         4995    x$fpl$dflt          fz_ws.l(dflt_clz.o)
    0x0800a3e4   0x00000026   Code   RO         4994    x$fpl$dfltu         fz_ws.l(dflt_clz.o)
    0x0800a40a   0x00000002   PAD
    0x0800a40c   0x00000154   Code   RO         5000    x$fpl$dmul          fz_ws.l(dmul.o)
    0x0800a560   0x0000009c   Code   RO         5046    x$fpl$dnaninf       fz_ws.l(dnaninf.o)
    0x0800a5fc   0x0000000c   Code   RO         5048    x$fpl$dretinf       fz_ws.l(dretinf.o)
    0x0800a608   0x00000056   Code   RO         5002    x$fpl$f2d           fz_ws.l(f2d.o)
    0x0800a65e   0x00000002   PAD
    0x0800a660   0x000000c4   Code   RO         5004    x$fpl$fadd          fz_ws.l(faddsub_clz.o)
    0x0800a724   0x00000018   Code   RO         5117    x$fpl$fcmpinf       fz_ws.l(fcmpi.o)
    0x0800a73c   0x0000003e   Code   RO         5010    x$fpl$ffixu         fz_ws.l(ffixu.o)
    0x0800a77a   0x00000002   PAD
    0x0800a77c   0x00000030   Code   RO         5015    x$fpl$fflt          fz_ws.l(fflt_clz.o)
    0x0800a7ac   0x00000026   Code   RO         5014    x$fpl$ffltu         fz_ws.l(fflt_clz.o)
    0x0800a7d2   0x00000002   PAD
    0x0800a7d4   0x00000068   Code   RO         5050    x$fpl$fleqf         fz_ws.l(fleqf.o)
    0x0800a83c   0x00000102   Code   RO         5020    x$fpl$fmul          fz_ws.l(fmul.o)
    0x0800a93e   0x0000008c   Code   RO         5052    x$fpl$fnaninf       fz_ws.l(fnaninf.o)
    0x0800a9ca   0x0000000a   Code   RO         5054    x$fpl$fretinf       fz_ws.l(fretinf.o)
    0x0800a9d4   0x00000062   Code   RO         5022    x$fpl$frleqf        fz_ws.l(frleqf.o)
    0x0800aa36   0x00000014   Code   RO         5005    x$fpl$frsb          fz_ws.l(faddsub_clz.o)
    0x0800aa4a   0x00000002   PAD
    0x0800aa4c   0x000000ea   Code   RO         5006    x$fpl$fsub          fz_ws.l(faddsub_clz.o)
    0x0800ab36   0x00000004   Code   RO         5024    x$fpl$printf1       fz_ws.l(printf1.o)
    0x0800ab3a   0x00000000   Code   RO         5056    x$fpl$usenofp       fz_ws.l(usenofp.o)
    0x0800ab3a   0x000017c0   Data   RO         3632    .constdata          lcd.o
    0x0800c2fa   0x00000028   Data   RO         4918    .constdata          c_w.l(_printf_hex_int.o)
    0x0800c322   0x00000002   PAD
    0x0800c324   0x00000094   Data   RO         5084    .constdata          c_w.l(bigflt0.o)
    0x0800c3b8   0x00000020   Data   RO         5257    Region$$Table       anon$$obj.o
    0x0800c3d8   0x0000001c   Data   RO         5112    locale$$data        c_w.l(lc_numeric_c.o)


    Execution Region RW_IRAM1 (Base: 0x20000000, Size: 0x00005b68, Max: 0x00010000, ABSOLUTE)

    Base Addr    Size         Type   Attr      Idx    E Section Name        Object

    0x20000000   0x00000014   Data   RW            6    .data               main.o
    0x20000014   0x00000014   Data   RW          289    .data               system_stm32f10x.o
    0x20000028   0x00000014   Data   RW         1934    .data               stm32f10x_rcc.o
    0x2000003c   0x00000004   Data   RW         3309    .data               delay.o
    0x20000040   0x00000006   Data   RW         3385    .data               usart.o
    0x20000046   0x00000004   Data   RW         3477    .data               timer.o
    0x2000004a   0x00000002   PAD
    0x2000004c   0x00000018   Data   RW         3528    .data               wave.o
    0x20000064   0x00000004   Data   RW         3633    .data               lcd.o
    0x20000068   0x0000003c   Data   RW         4337    .data               tasks.o
    0x200000a4   0x00000014   Data   RW         4662    .data               timers.o
    0x200000b8   0x00000018   Data   RW         4778    .data               heap_4.o
    0x200000d0   0x0000000c   Data   RW         4829    .data               port.o
    0x200000dc   0x000000c8   Zero   RW         3384    .bss                usart.o
    0x200001a4   0x0000000a   Zero   RW         3476    .bss                timer.o
    0x200001ae   0x0000000e   Zero   RW         3631    .bss                lcd.o
    0x200001bc   0x00000040   Zero   RW         4084    .bss                queue.o
    0x200001fc   0x000002e4   Zero   RW         4336    .bss                tasks.o
    0x200004e0   0x00000028   Zero   RW         4661    .bss                timers.o
    0x20000508   0x00005000   Zero   RW         4777    .bss                heap_4.o
    0x20005508   0x00000060   Zero   RW         5124    .bss                c_w.l(libspace.o)
    0x20005568   0x00000200   Zero   RW          331    HEAP                startup_stm32f10x_hd.o
    0x20005768   0x00000400   Zero   RW          330    STACK               startup_stm32f10x_hd.o


==============================================================================

Image component sizes


      Code (inc. data)   RO Data    RW Data    ZI Data      Debug   Object Name

       176         10          0          0          0       1011   adc.o
        56          6          0          0          0        452   beep.o
         0          0          0          0          0         32   core_cm3.o
       244         26          0          4          0       2093   delay.o
         0          0          0          0          0      10180   event_groups.o
       752        176          0         24      20480       3563   heap_4.o
        60          8          0          0          0        455   key.o
     17100        184       6080          4         14      22076   lcd.o
        76          8          0          0          0        459   led.o
       148          0          0          0          0       2766   list.o
       100          4          0          0          0        981   lsens.o
      1164        296          0         20          0     287015   main.o
       172         22          0          0          0       1889   misc.o
       950        320          0         12          0       9665   port.o
      2164        238          0          0         64      11873   queue.o
        64         26        304          0       1536        764   startup_stm32f10x_hd.o
       486         24          0          0          0       8014   stm32f10x_adc.o
       200         18          0          0          0       1932   stm32f10x_exti.o
       282          6          0          0          0       1689   stm32f10x_fsmc.o
       368          4          0          0          0       4010   stm32f10x_gpio.o
        20          0          0          0          0       2245   stm32f10x_it.o
       372         50          0         20          0       5816   stm32f10x_rcc.o
      2132        254          0          0          0      15628   stm32f10x_tim.o
       408          6          0          0          0       4706   stm32f10x_usart.o
       328         28          0         20          0       1877   system_stm32f10x.o
      3406        878          0         60        740      26987   tasks.o
       884         52          0          4         10       4023   timer.o
      1310        312          0         20         40       7743   timers.o
       328         26          0          6        200       3884   usart.o
      1832        240          0         24          0       6708   wave.o

    ----------------------------------------------------------------------
     35614       3222       6416        220      23084     450536   Object Totals
         0          0         32          0          0          0   (incl. Generated)
        32          0          0          2          0          0   (incl. Padding)

    ----------------------------------------------------------------------

      Code (inc. data)   RO Data    RW Data    ZI Data      Debug   Library Member Name

         8          0          0          0          0         68   __main.o
       104          0          0          0          0         84   __printf.o
         0          0          0          0          0          0   __rtentry.o
        12          0          0          0          0          0   __rtentry2.o
         6          0          0          0          0          0   __rtentry4.o
        52          8          0          0          0          0   __scatter.o
        26          0          0          0          0          0   __scatter_copy.o
        28          0          0          0          0          0   __scatter_zi.o
        44          0          0          0          0        108   _printf_char.o
        48          6          0          0          0         96   _printf_char_common.o
        36          4          0          0          0         80   _printf_char_file.o
         6          0          0          0          0          0   _printf_d.o
       120         16          0          0          0         92   _printf_dec.o
         6          0          0          0          0          0   _printf_f.o
      1050          0          0          0          0        216   _printf_fp_dec.o
       128         16          0          0          0         84   _printf_fp_infnan.o
        88          4         40          0          0         88   _printf_hex_int.o
       178          0          0          0          0         88   _printf_intcommon.o
         0          0          0          0          0          0   _printf_percent.o
         4          0          0          0          0          0   _printf_percent_end.o
         6          0          0          0          0          0   _printf_s.o
        82          0          0          0          0         80   _printf_str.o
         6          0          0          0          0          0   _printf_x.o
        16          0          0          0          0         68   aeabi_memset.o
       220          4        148          0          0         96   bigflt0.o
      1910        128          0          0          0        672   btod.o
        12          0          0          0          0         72   exit.o
         8          0          0          0          0         68   ferror.o
         6          0          0          0          0        152   heapauxi.o
        44         10         28          0          0         76   lc_numeric_c.o
         2          0          0          0          0          0   libinit.o
        18          0          0          0          0          0   libinit2.o
         2          0          0          0          0          0   libshutdown.o
         2          0          0          0          0          0   libshutdown2.o
         8          4          0          0         96         68   libspace.o
       138          0          0          0          0         80   lludiv10.o
        24          4          0          0          0         84   noretval__2printf.o
         8          4          0          0          0         68   rt_locale_intlibspace.o
        68          0          0          0          0         68   rt_memclr.o
        78          0          0          0          0         80   rt_memclr_w.o
       138          0          0          0          0         68   rt_memcpy_v6.o
       100          0          0          0          0         80   rt_memcpy_w.o
         2          0          0          0          0          0   rtexit.o
        10          0          0          0          0          0   rtexit2.o
       128          0          0          0          0         68   strcmpv7m.o
        74          0          0          0          0         80   sys_stackheap_outer.o
         2          0          0          0          0         68   use_no_semi.o
         2          0          0          0          0         68   use_no_semi_2.o
        98          4          0          0          0         92   d2f.o
       688        140          0          0          0        208   ddiv.o
        90          4          0          0          0         92   dfixu.o
        84          0          0          0          0        136   dflt_clz.o
       340         12          0          0          0        104   dmul.o
       156          4          0          0          0         92   dnaninf.o
        12          0          0          0          0         68   dretinf.o
        86          4          0          0          0         84   f2d.o
       450          8          0          0          0        236   faddsub_clz.o
        24          0          0          0          0         68   fcmpi.o
        62          4          0          0          0         84   ffixu.o
        86          0          0          0          0        136   fflt_clz.o
       104          4          0          0          0         84   fleqf.o
       258          4          0          0          0         84   fmul.o
       140          4          0          0          0         84   fnaninf.o
        10          0          0          0          0         68   fretinf.o
        98          0          0          0          0         68   frleqf.o
         4          0          0          0          0         68   printf1.o
         0          0          0          0          0          0   usenofp.o
        40          0          0          0          0         68   fpclassify.o

    ----------------------------------------------------------------------
      7916        400        218          0         96       5092   Library Totals
        28          0          2          0          0          0   (incl. Padding)

    ----------------------------------------------------------------------

      Code (inc. data)   RO Data    RW Data    ZI Data      Debug   Library Name

      5058        208        216          0         96       3168   c_w.l
      2790        192          0          0          0       1856   fz_ws.l
        40          0          0          0          0         68   m_ws.l

    ----------------------------------------------------------------------
      7916        400        218          0         96       5092   Library Totals

    ----------------------------------------------------------------------

==============================================================================


      Code (inc. data)   RO Data    RW Data    ZI Data      Debug   

     43530       3622       6634        220      23180     442832   Grand Totals
     43530       3622       6634        220      23180     442832   ELF Image Totals
     43530       3622       6634        220          0          0   ROM Totals

==============================================================================

    Total RO  Size (Code + RO Data)                50164 (  48.99kB)
    Total RW  Size (RW Data + ZI Data)             23400 (  22.85kB)
    Total ROM Size (Code + RO Data + RW Data)      50384 (  49.20kB)

==============================================================================

